Test (windows-latest)	Unit tests	﻿2026-10-07T08:21:01.7760496Z ##[group]Run .\gradlew.bat clean :buildSrc:test test --no-daemon --console=plain
Test (windows-latest)	Unit tests	2026-10-07T08:21:01.7761377Z ^[[36;1m.\gradlew.bat clean :buildSrc:test test --no-daemon --console=plain^[[0m
Test (windows-latest)	Unit tests	2026-10-07T08:21:01.8971025Z shell: C:\Program Files\PowerShell\7\pwsh.EXE -command ". '{0}'"
Test (windows-latest)	Unit tests	2026-10-07T08:21:01.8971649Z env:
Test (windows-latest)	Unit tests	2026-10-07T08:21:01.8972150Z   JAVA_HOME: C:\hostedtoolcache\windows\Java_Temurin-Hotspot_jdk\25.0.4-101.0\x64
Test (windows-latest)	Unit tests	2026-10-07T08:21:01.8972813Z   JAVA_HOME_25_X64: C:\hostedtoolcache\windows\Java_Temurin-Hotspot_jdk\25.0.4-101.0\x64
Test (windows-latest)	Unit tests	2026-10-07T08:21:01.8973354Z   MAVEN_ARGS: -ntp
Test (windows-latest)	Unit tests	2026-10-07T08:21:01.8973768Z   GRADLE_ACTION_ID: gradle/actions/setup-gradle
Test (windows-latest)	Unit tests	2026-10-07T08:21:01.8974220Z   GRADLE_USER_HOME: D:\a\.gradle
Test (windows-latest)	Unit tests	2026-10-07T08:21:01.8974671Z   GRADLE_BUILD_ACTION_SETUP_COMPLETED: true
Test (windows-latest)	Unit tests	2026-10-07T08:21:01.8975252Z   DEVELOCITY_INJECTION_INIT_SCRIPT_NAME: gradle-actions.inject-develocity.init.gradle
Test (windows-latest)	Unit tests	2026-10-07T08:21:01.8975942Z   DEVELOCITY_INJECTION_CUSTOM_VALUE: gradle-actions
Test (windows-latest)	Unit tests	2026-10-07T08:21:01.8976988Z   GITHUB_DEPENDENCY_GRAPH_ENABLED: false
Test (windows-latest)	Unit tests	2026-10-07T08:21:01.8977538Z ##[endgroup]
Test (windows-latest)	Unit tests	2026-10-07T08:21:07.8135800Z To honour the JVM settings for this build a single-use Daemon process will be forked. For more on this, please refer to https://docs.gradle.org/9.2.0/userguide/gradle_daemon.html#sec:disabling_the_daemon in the Gradle documentation.
Test (windows-latest)	Unit tests	2026-10-07T08:21:12.2138282Z Daemon will be stopped at the end of the build 
Test (windows-latest)	Unit tests	2026-10-07T08:21:25.0135813Z > Task :buildSrc:compileJava
Test (windows-latest)	Unit tests	2026-10-07T08:21:25.0137121Z > Task :buildSrc:compileGroovy NO-SOURCE
Test (windows-latest)	Unit tests	2026-10-07T08:21:25.0144383Z > Task :buildSrc:processResources NO-SOURCE
Test (windows-latest)	Unit tests	2026-10-07T08:21:25.0145453Z > Task :buildSrc:classes
Test (windows-latest)	Unit tests	2026-10-07T08:21:25.1140886Z > Task :buildSrc:jar
Test (windows-latest)	Unit tests	2026-10-07T08:21:52.7222753Z > Task :clean UP-TO-DATE
Test (windows-latest)	Unit tests	2026-10-07T08:21:56.5504000Z > Task :buildSrc:compileTestJava
Test (windows-latest)	Unit tests	2026-10-07T08:21:56.5512689Z > Task :buildSrc:compileTestGroovy NO-SOURCE
Test (windows-latest)	Unit tests	2026-10-07T08:21:56.5526883Z > Task :buildSrc:processTestResources NO-SOURCE
Test (windows-latest)	Unit tests	2026-10-07T08:21:56.5539072Z > Task :buildSrc:testClasses
Test (windows-latest)	Unit tests	2026-10-07T08:22:07.3539084Z > Task :compileJava
Test (windows-latest)	Unit tests	2026-10-07T08:22:08.0132053Z > Task :buildSrc:test
Test (windows-latest)	Unit tests	2026-10-07T08:22:08.2241139Z > Task :generateBrandIcons
Test (windows-latest)	Unit tests	2026-10-07T08:22:08.2252846Z > Task :generateVersionProperties
Test (windows-latest)	Unit tests	2026-10-07T08:22:08.3157724Z > Task :processResources
Test (windows-latest)	Unit tests	2026-10-07T08:22:08.3163606Z > Task :classes
Test (windows-latest)	Unit tests	2026-10-07T08:22:17.6149681Z 
Test (windows-latest)	Unit tests	2026-10-07T08:22:17.6155083Z > Task :compileTestJava
Test (windows-latest)	Unit tests	2026-10-07T08:22:17.6157717Z Note: Some input files use unchecked or unsafe operations.
Test (windows-latest)	Unit tests	2026-10-07T08:22:17.6159097Z Note: Recompile with -Xlint:unchecked for details.
Test (windows-latest)	Unit tests	2026-10-07T08:22:18.0259646Z 
Test (windows-latest)	Unit tests	2026-10-07T08:22:18.0303893Z > Task :processTestResources NO-SOURCE
Test (windows-latest)	Unit tests	2026-10-07T08:22:18.0343199Z > Task :testClasses
Test (windows-latest)	Unit tests	2026-10-07T08:22:48.0128461Z > Task :test
Test (windows-latest)	Unit tests	2026-10-07T08:26:03.9104689Z 
Test (windows-latest)	Unit tests	2026-10-07T08:26:03.9106488Z SqlOverviewDurationSortTest > switchingToQueryDoesNotChangeUserDataOrItsComparator() FAILED
Test (windows-latest)	Unit tests	2026-10-07T08:26:03.9107422Z     java.util.concurrent.TimeoutException
Test (windows-latest)	Unit tests	2026-10-07T08:26:03.9108195Z         at java.base/java.util.concurrent.FutureTask.get(FutureTask.java:206)
Test (windows-latest)	Unit tests	2026-10-07T08:26:03.9108947Z         at com.datacube.fx.FxUiTestSupport.call(FxUiTestSupport.java:32)
Test (windows-latest)	Unit tests	2026-10-07T08:26:03.9110019Z         at com.datacube.fx.SqlOverviewDurationSortTest.switchingToQueryDoesNotChangeUserDataOrItsComparator(SqlOverviewDurationSortTest.java:110)
Test (windows-latest)	Unit tests	2026-10-07T08:28:19.7815176Z 
Test (windows-latest)	Unit tests	2026-10-07T08:28:19.7847009Z 4000 tests completed, 1 failed, 3 skipped
Test (windows-latest)	Unit tests	2026-10-07T08:28:20.5092026Z 
Test (windows-latest)	Unit tests	2026-10-07T08:28:20.5093854Z > Task :test FAILED
Test (windows-latest)	Unit tests	2026-10-07T08:28:20.5094957Z gradle/actions: Writing build results to D:\a\_temp\.gradle-actions\build-results\__run-1791361275690.json
Test (windows-latest)	Unit tests	2026-10-07T08:28:20.6097245Z 
Test (windows-latest)	Unit tests	2026-10-07T08:28:20.6097390Z 
Test (windows-latest)	Unit tests	2026-10-07T08:28:20.6099268Z FAILURE: Build failed with an exception.
Test (windows-latest)	Unit tests	2026-10-07T08:28:20.6100423Z [Incubating] Problems report is available at: file:///D:/a/data-cube/data-cube/build/reports/problems/problems-report.html
Test (windows-latest)	Unit tests	2026-10-07T08:28:20.6105275Z 
Test (windows-latest)	Unit tests	2026-10-07T08:28:20.6105632Z 11 actionable tasks: 10 executed, 1 up-to-date
Test (windows-latest)	Unit tests	2026-10-07T08:28:20.6106480Z * What went wrong:
Test (windows-latest)	Unit tests	2026-10-07T08:28:20.6107140Z Execution failed for task ':test'.
Test (windows-latest)	Unit tests	2026-10-07T08:28:20.6108444Z > There were failing tests. See the report at: file:///D:/a/data-cube/data-cube/build/reports/tests/test/index.html
Test (windows-latest)	Unit tests	2026-10-07T08:28:20.6109275Z 
Test (windows-latest)	Unit tests	2026-10-07T08:28:20.6109575Z * Try:
Test (windows-latest)	Unit tests	2026-10-07T08:28:20.6110367Z > Run with --scan to generate a Build Scan (powered by Develocity).
Test (windows-latest)	Unit tests	2026-10-07T08:28:20.6110949Z 
Test (windows-latest)	Unit tests	2026-10-07T08:28:20.6111313Z BUILD FAILED in 7m 18s
Test (windows-latest)	Unit tests	2026-10-07T08:28:20.7611407Z ##[error]Process completed with exit code 1.
