To honour the JVM settings for this build a single-use Daemon process will be forked. For more on this, please refer to https://docs.gradle.org/9.2.0/userguide/gradle_daemon.html#sec:disabling_the_daemon in the Gradle documentation.
Daemon will be stopped at the end of the build 
> Task :buildSrc:compileJava UP-TO-DATE
> Task :buildSrc:compileGroovy NO-SOURCE
> Task :buildSrc:processResources NO-SOURCE
> Task :buildSrc:classes UP-TO-DATE
> Task :buildSrc:jar UP-TO-DATE
> Task :cleanTest
> Task :compileJava UP-TO-DATE
> Task :generateBrandIcons UP-TO-DATE
> Task :generateVersionProperties UP-TO-DATE
> Task :processResources UP-TO-DATE
> Task :classes UP-TO-DATE
> Task :compileTestJava
> Task :processTestResources NO-SOURCE
> Task :testClasses

> Task :test

TableExportJdbcCancellationTest > lateDriverSQLExceptionCannotReplaceWinningCancellationDeadlineOrSourceInvalidation(String, String) > [1] execute, cancel FAILED
    org.opentest4j.AssertionFailedError: Unexpected type, expected: <java.util.concurrent.CancellationException> but was: <com.datacube.export.TableExportFailure>
        at app//org.junit.jupiter.api.AssertionFailureBuilder.build(AssertionFailureBuilder.java:151)
        at app//org.junit.jupiter.api.AssertionFailureBuilder.buildAndThrow(AssertionFailureBuilder.java:132)
        at app//org.junit.jupiter.api.AssertInstanceOf.assertInstanceOf(AssertInstanceOf.java:49)
        at app//org.junit.jupiter.api.AssertInstanceOf.assertInstanceOf(AssertInstanceOf.java:31)
        at app//org.junit.jupiter.api.Assertions.assertInstanceOf(Assertions.java:3614)
        at app//com.datacube.export.TableExportJdbcCancellationTest.lateDriverSQLExceptionCannotReplaceWinningCancellationDeadlineOrSourceInvalidation(TableExportJdbcCancellationTest.java:64)

TableExportJdbcCancellationTest > lateDriverSQLExceptionCannotReplaceWinningCancellationDeadlineOrSourceInvalidation(String, String) > [2] next, cancel FAILED
    org.opentest4j.AssertionFailedError: Unexpected type, expected: <java.util.concurrent.CancellationException> but was: <com.datacube.export.TableExportFailure>
        at app//org.junit.jupiter.api.AssertionFailureBuilder.build(AssertionFailureBuilder.java:151)
        at app//org.junit.jupiter.api.AssertionFailureBuilder.buildAndThrow(AssertionFailureBuilder.java:132)
        at app//org.junit.jupiter.api.AssertInstanceOf.assertInstanceOf(AssertInstanceOf.java:49)
        at app//org.junit.jupiter.api.AssertInstanceOf.assertInstanceOf(AssertInstanceOf.java:31)
        at app//org.junit.jupiter.api.Assertions.assertInstanceOf(Assertions.java:3614)
        at app//com.datacube.export.TableExportJdbcCancellationTest.lateDriverSQLExceptionCannotReplaceWinningCancellationDeadlineOrSourceInvalidation(TableExportJdbcCancellationTest.java:64)

TableExportJdbcCancellationTest > lateDriverSQLExceptionCannotReplaceWinningCancellationDeadlineOrSourceInvalidation(String, String) > [3] getter, cancel FAILED
    org.opentest4j.AssertionFailedError: Unexpected type, expected: <java.util.concurrent.CancellationException> but was: <com.datacube.export.TableExportFailure>
        at app//org.junit.jupiter.api.AssertionFailureBuilder.build(AssertionFailureBuilder.java:151)
        at app//org.junit.jupiter.api.AssertionFailureBuilder.buildAndThrow(AssertionFailureBuilder.java:132)
        at app//org.junit.jupiter.api.AssertInstanceOf.assertInstanceOf(AssertInstanceOf.java:49)
        at app//org.junit.jupiter.api.AssertInstanceOf.assertInstanceOf(AssertInstanceOf.java:31)
        at app//org.junit.jupiter.api.Assertions.assertInstanceOf(Assertions.java:3614)
        at app//com.datacube.export.TableExportJdbcCancellationTest.lateDriverSQLExceptionCannotReplaceWinningCancellationDeadlineOrSourceInvalidation(TableExportJdbcCancellationTest.java:64)

TableExportJdbcCancellationTest > lateDriverSQLExceptionCannotReplaceWinningCancellationDeadlineOrSourceInvalidation(String, String) > [4] execute, deadline FAILED
    org.opentest4j.AssertionFailedError: expected: <TIMEOUT> but was: <SOURCE>
        at app//org.junit.jupiter.api.AssertionFailureBuilder.build(AssertionFailureBuilder.java:151)
        at app//org.junit.jupiter.api.AssertionFailureBuilder.buildAndThrow(AssertionFailureBuilder.java:132)
        at app//org.junit.jupiter.api.AssertEquals.failNotEqual(AssertEquals.java:197)
        at app//org.junit.jupiter.api.AssertEquals.assertEquals(AssertEquals.java:182)
        at app//org.junit.jupiter.api.AssertEquals.assertEquals(AssertEquals.java:177)
        at app//org.junit.jupiter.api.Assertions.assertEquals(Assertions.java:1145)
        at app//com.datacube.export.TableExportJdbcCancellationTest.lateDriverSQLExceptionCannotReplaceWinningCancellationDeadlineOrSourceInvalidation(TableExportJdbcCancellationTest.java:64)

TableExportJdbcCancellationTest > lateDriverSQLExceptionCannotReplaceWinningCancellationDeadlineOrSourceInvalidation(String, String) > [5] next, deadline FAILED
    org.opentest4j.AssertionFailedError: expected: <TIMEOUT> but was: <SOURCE>
        at app//org.junit.jupiter.api.AssertionFailureBuilder.build(AssertionFailureBuilder.java:151)
        at app//org.junit.jupiter.api.AssertionFailureBuilder.buildAndThrow(AssertionFailureBuilder.java:132)
        at app//org.junit.jupiter.api.AssertEquals.failNotEqual(AssertEquals.java:197)
        at app//org.junit.jupiter.api.AssertEquals.assertEquals(AssertEquals.java:182)
        at app//org.junit.jupiter.api.AssertEquals.assertEquals(AssertEquals.java:177)
        at app//org.junit.jupiter.api.Assertions.assertEquals(Assertions.java:1145)
        at app//com.datacube.export.TableExportJdbcCancellationTest.lateDriverSQLExceptionCannotReplaceWinningCancellationDeadlineOrSourceInvalidation(TableExportJdbcCancellationTest.java:64)

TableExportJdbcCancellationTest > lateDriverSQLExceptionCannotReplaceWinningCancellationDeadlineOrSourceInvalidation(String, String) > [6] getter, deadline FAILED
    org.opentest4j.AssertionFailedError: expected: <TIMEOUT> but was: <SOURCE>
        at app//org.junit.jupiter.api.AssertionFailureBuilder.build(AssertionFailureBuilder.java:151)
        at app//org.junit.jupiter.api.AssertionFailureBuilder.buildAndThrow(AssertionFailureBuilder.java:132)
        at app//org.junit.jupiter.api.AssertEquals.failNotEqual(AssertEquals.java:197)
        at app//org.junit.jupiter.api.AssertEquals.assertEquals(AssertEquals.java:182)
        at app//org.junit.jupiter.api.AssertEquals.assertEquals(AssertEquals.java:177)
        at app//org.junit.jupiter.api.Assertions.assertEquals(Assertions.java:1145)
        at app//com.datacube.export.TableExportJdbcCancellationTest.lateDriverSQLExceptionCannotReplaceWinningCancellationDeadlineOrSourceInvalidation(TableExportJdbcCancellationTest.java:64)

TableExportJdbcCancellationTest > lateDriverSQLExceptionCannotReplaceWinningCancellationDeadlineOrSourceInvalidation(String, String) > [7] execute, changed FAILED
    org.opentest4j.AssertionFailedError: expected: <TARGET_CHANGED> but was: <SOURCE>
        at app//org.junit.jupiter.api.AssertionFailureBuilder.build(AssertionFailureBuilder.java:151)
        at app//org.junit.jupiter.api.AssertionFailureBuilder.buildAndThrow(AssertionFailureBuilder.java:132)
        at app//org.junit.jupiter.api.AssertEquals.failNotEqual(AssertEquals.java:197)
        at app//org.junit.jupiter.api.AssertEquals.assertEquals(AssertEquals.java:182)
        at app//org.junit.jupiter.api.AssertEquals.assertEquals(AssertEquals.java:177)
        at app//org.junit.jupiter.api.Assertions.assertEquals(Assertions.java:1145)
        at app//com.datacube.export.TableExportJdbcCancellationTest.lateDriverSQLExceptionCannotReplaceWinningCancellationDeadlineOrSourceInvalidation(TableExportJdbcCancellationTest.java:64)

TableExportJdbcCancellationTest > lateDriverSQLExceptionCannotReplaceWinningCancellationDeadlineOrSourceInvalidation(String, String) > [8] next, changed FAILED
    org.opentest4j.AssertionFailedError: expected: <TARGET_CHANGED> but was: <SOURCE>
        at app//org.junit.jupiter.api.AssertionFailureBuilder.build(AssertionFailureBuilder.java:151)
        at app//org.junit.jupiter.api.AssertionFailureBuilder.buildAndThrow(AssertionFailureBuilder.java:132)
        at app//org.junit.jupiter.api.AssertEquals.failNotEqual(AssertEquals.java:197)
        at app//org.junit.jupiter.api.AssertEquals.assertEquals(AssertEquals.java:182)
        at app//org.junit.jupiter.api.AssertEquals.assertEquals(AssertEquals.java:177)
        at app//org.junit.jupiter.api.Assertions.assertEquals(Assertions.java:1145)
        at app//com.datacube.export.TableExportJdbcCancellationTest.lateDriverSQLExceptionCannotReplaceWinningCancellationDeadlineOrSourceInvalidation(TableExportJdbcCancellationTest.java:64)

TableExportJdbcCancellationTest > lateDriverSQLExceptionCannotReplaceWinningCancellationDeadlineOrSourceInvalidation(String, String) > [9] getter, changed FAILED
    org.opentest4j.AssertionFailedError: expected: <TARGET_CHANGED> but was: <SOURCE>
        at app//org.junit.jupiter.api.AssertionFailureBuilder.build(AssertionFailureBuilder.java:151)
        at app//org.junit.jupiter.api.AssertionFailureBuilder.buildAndThrow(AssertionFailureBuilder.java:132)
        at app//org.junit.jupiter.api.AssertEquals.failNotEqual(AssertEquals.java:197)
        at app//org.junit.jupiter.api.AssertEquals.assertEquals(AssertEquals.java:182)
        at app//org.junit.jupiter.api.AssertEquals.assertEquals(AssertEquals.java:177)
        at app//org.junit.jupiter.api.Assertions.assertEquals(Assertions.java:1145)
        at app//com.datacube.export.TableExportJdbcCancellationTest.lateDriverSQLExceptionCannotReplaceWinningCancellationDeadlineOrSourceInvalidation(TableExportJdbcCancellationTest.java:64)

> Task :test FAILED
9 actionable tasks: 3 executed, 6 up-to-date
