To honour the JVM settings for this build a single-use Daemon process will be forked. For more on this, please refer to https://docs.gradle.org/9.2.0/userguide/gradle_daemon.html#sec:disabling_the_daemon in the Gradle documentation.
Daemon will be stopped at the end of the build 
> Task :buildSrc:compileJava UP-TO-DATE
> Task :buildSrc:compileGroovy NO-SOURCE
> Task :buildSrc:processResources NO-SOURCE
> Task :buildSrc:classes UP-TO-DATE
> Task :buildSrc:jar UP-TO-DATE
> Task :clean
> Task :compileJava
> Task :generateBrandIcons
> Task :generateVersionProperties
> Task :processResources
> Task :classes

> Task :compileTestJava
注: 某些输入文件使用了未经检查或不安全的操作。
注: 有关详细信息, 请使用 -Xlint:unchecked 重新编译。

> Task :processTestResources NO-SOURCE
> Task :testClasses
> Task :test

[Incubating] Problems report is available at: file:///D:/Projects/%E6%9C%9D%E8%8A%B1%E5%A4%95%E6%8B%BE/build/reports/problems/problems-report.html

BUILD SUCCESSFUL in 3m 34s
9 actionable tasks: 7 executed, 2 up-to-date
Consider enabling configuration cache to speed up this build: https://docs.gradle.org/9.2.0/userguide/configuration_cache_enabling.html
