14060:
2026-09-30 09:34:49
Full thread dump OpenJDK 64-Bit Server VM (25.0.1+8-LTS mixed mode, sharing):

Threads class SMR info:
_java_thread_list=0x0000022ec9137930, length=19, elements={
0x0000022e9c3186d0, 0x0000022ec0acc9b0, 0x0000022ec0acd2c0, 0x0000022ec0ad1c80,
0x0000022ec0ad4c50, 0x0000022ec38c8090, 0x0000022ec38c8fe0, 0x0000022ec0adb8f0,
0x0000022ec38e9ef0, 0x0000022ec3a82290, 0x0000022ec3a87aa0, 0x0000022ec3c22120,
0x0000022ec87ea800, 0x0000022ec8a20830, 0x0000022ec8a288d0, 0x0000022ec8ec7460,
0x0000022ed0af1410, 0x0000022ec3ac9e30, 0x0000022ecffe3fc0
}

"main" #3 [2712] prio=5 os_prio=0 cpu=62.50ms elapsed=59.23s tid=0x0000022e9c3186d0 nid=2712 waiting on condition  [0x0000003c2efff000]
   java.lang.Thread.State: WAITING (parking)
	at jdk.internal.misc.Unsafe.park(java.base@25.0.1/Native Method)
	- parking to wait for  <0x0000000620811560> (a java.util.concurrent.CountDownLatch$Sync)
	at java.util.concurrent.locks.LockSupport.park(java.base@25.0.1/LockSupport.java:223)
	at java.util.concurrent.locks.AbstractQueuedSynchronizer.acquire(java.base@25.0.1/AbstractQueuedSynchronizer.java:790)
	at java.util.concurrent.locks.AbstractQueuedSynchronizer.acquireSharedInterruptibly(java.base@25.0.1/AbstractQueuedSynchronizer.java:1139)
	at java.util.concurrent.CountDownLatch.await(java.base@25.0.1/CountDownLatch.java:230)
	at com.sun.javafx.application.LauncherImpl.launchApplication(LauncherImpl.java:220)
	at com.sun.javafx.application.LauncherImpl.launchApplication(LauncherImpl.java:160)
	at javafx.application.Application.launch(Application.java:233)
	at ShellDiscoveryDesktopProbe$Launcher.main(ShellDiscoveryDesktopProbe.java:30)

"Reference Handler" #15 [18500] daemon prio=10 os_prio=2 cpu=0.00ms elapsed=59.21s tid=0x0000022ec0acc9b0 nid=18500 waiting on condition  [0x0000003c2f7ff000]
   java.lang.Thread.State: RUNNABLE
	at java.lang.ref.Reference.waitForReferencePendingList(java.base@25.0.1/Native Method)
	at java.lang.ref.Reference.processPendingReferences(java.base@25.0.1/Reference.java:246)
	at java.lang.ref.Reference$ReferenceHandler.run(java.base@25.0.1/Reference.java:208)

"Finalizer" #16 [5464] daemon prio=8 os_prio=1 cpu=0.00ms elapsed=59.21s tid=0x0000022ec0acd2c0 nid=5464 in Object.wait()  [0x0000003c2f8ff000]
   java.lang.Thread.State: WAITING (on object monitor)
	at java.lang.Object.wait0(java.base@25.0.1/Native Method)
	- waiting on <0x0000000620808b20> (a java.lang.ref.ReferenceQueue$Lock)
	at java.lang.Object.wait(java.base@25.0.1/Object.java:389)
	at java.lang.Object.wait(java.base@25.0.1/Object.java:351)
	at java.lang.ref.ReferenceQueue.remove0(java.base@25.0.1/ReferenceQueue.java:137)
	at java.lang.ref.ReferenceQueue.remove(java.base@25.0.1/ReferenceQueue.java:215)
	- locked <0x0000000620808b20> (a java.lang.ref.ReferenceQueue$Lock)
	at java.lang.ref.Finalizer$FinalizerThread.run(java.base@25.0.1/Finalizer.java:165)

"Signal Dispatcher" #17 [2948] daemon prio=9 os_prio=2 cpu=0.00ms elapsed=59.21s tid=0x0000022ec0ad1c80 nid=2948 waiting on condition  [0x0000000000000000]
   java.lang.Thread.State: RUNNABLE

"Attach Listener" #18 [5492] daemon prio=5 os_prio=2 cpu=0.00ms elapsed=59.21s tid=0x0000022ec0ad4c50 nid=5492 waiting on condition  [0x0000000000000000]
   java.lang.Thread.State: RUNNABLE

"Service Thread" #19 [2148] daemon prio=9 os_prio=0 cpu=0.00ms elapsed=59.21s tid=0x0000022ec38c8090 nid=2148 runnable  [0x0000000000000000]
   java.lang.Thread.State: RUNNABLE

"Monitor Deflation Thread" #20 [3084] daemon prio=9 os_prio=0 cpu=0.00ms elapsed=59.21s tid=0x0000022ec38c8fe0 nid=3084 runnable  [0x0000000000000000]
   java.lang.Thread.State: RUNNABLE

"C2 CompilerThread0" #21 [10040] daemon prio=9 os_prio=2 cpu=1093.75ms elapsed=59.21s tid=0x0000022ec0adb8f0 nid=10040 waiting on condition  [0x0000000000000000]
   java.lang.Thread.State: RUNNABLE
   No compile task

"C1 CompilerThread0" #29 [7052] daemon prio=9 os_prio=2 cpu=218.75ms elapsed=59.21s tid=0x0000022ec38e9ef0 nid=7052 waiting on condition  [0x0000000000000000]
   java.lang.Thread.State: RUNNABLE
   No compile task

"Notification Thread" #33 [13704] daemon prio=9 os_prio=0 cpu=0.00ms elapsed=59.20s tid=0x0000022ec3a82290 nid=13704 runnable  [0x0000000000000000]
   java.lang.Thread.State: RUNNABLE

"Common-Cleaner" #34 [1612] daemon prio=8 os_prio=1 cpu=0.00ms elapsed=59.19s tid=0x0000022ec3a87aa0 nid=1612 in Object.wait()  [0x0000003c301ff000]
   java.lang.Thread.State: TIMED_WAITING (on object monitor)
	at java.lang.Object.wait0(java.base@25.0.1/Native Method)
	- waiting on <0x000000062081a070> (a java.lang.ref.ReferenceQueue$Lock)
	at java.lang.Object.wait(java.base@25.0.1/Object.java:389)
	at java.lang.ref.ReferenceQueue.remove0(java.base@25.0.1/ReferenceQueue.java:123)
	at java.lang.ref.ReferenceQueue.remove(java.base@25.0.1/ReferenceQueue.java:201)
	- locked <0x000000062081a070> (a java.lang.ref.ReferenceQueue$Lock)
	at jdk.internal.ref.CleanerImpl.run(java.base@25.0.1/CleanerImpl.java:146)
	at java.lang.Thread.runWith(java.base@25.0.1/Thread.java:1487)
	at java.lang.Thread.run(java.base@25.0.1/Thread.java:1474)
	at jdk.internal.misc.InnocuousThread.run(java.base@25.0.1/InnocuousThread.java:148)

"JavaFX-Launcher" #35 [17108] prio=5 os_prio=0 cpu=343.75ms elapsed=59.11s tid=0x0000022ec3c22120 nid=17108 waiting on condition  [0x0000003c305fe000]
   java.lang.Thread.State: WAITING (parking)
	at jdk.internal.misc.Unsafe.park(java.base@25.0.1/Native Method)
	- parking to wait for  <0x0000000620a55af8> (a java.util.concurrent.CountDownLatch$Sync)
	at java.util.concurrent.locks.LockSupport.park(java.base@25.0.1/LockSupport.java:223)
	at java.util.concurrent.locks.AbstractQueuedSynchronizer.acquire(java.base@25.0.1/AbstractQueuedSynchronizer.java:790)
	at java.util.concurrent.locks.AbstractQueuedSynchronizer.acquireSharedInterruptibly(java.base@25.0.1/AbstractQueuedSynchronizer.java:1139)
	at java.util.concurrent.CountDownLatch.await(java.base@25.0.1/CountDownLatch.java:230)
	at com.sun.javafx.application.LauncherImpl.launchApplication1(LauncherImpl.java:855)
	at com.sun.javafx.application.LauncherImpl.lambda$launchApplication$0(LauncherImpl.java:202)
	at com.sun.javafx.application.LauncherImpl$$Lambda/0x000000008c043000.run(Unknown Source)
	at java.lang.Thread.runWith(java.base@25.0.1/Thread.java:1487)
	at java.lang.Thread.run(java.base@25.0.1/Thread.java:1474)

"QuantumRenderer-0" #37 [18864] daemon prio=5 os_prio=0 cpu=250.00ms elapsed=58.72s tid=0x0000022ec87ea800 nid=18864 waiting on condition  [0x0000003c306ff000]
   java.lang.Thread.State: WAITING (parking)
	at jdk.internal.misc.Unsafe.park(java.base@25.0.1/Native Method)
	- parking to wait for  <0x0000000620808cf0> (a java.util.concurrent.locks.AbstractQueuedSynchronizer$ConditionObject)
	at java.util.concurrent.locks.LockSupport.park(java.base@25.0.1/LockSupport.java:369)
	at java.util.concurrent.locks.AbstractQueuedSynchronizer$ConditionNode.block(java.base@25.0.1/AbstractQueuedSynchronizer.java:520)
	at java.util.concurrent.ForkJoinPool.unmanagedBlock(java.base@25.0.1/ForkJoinPool.java:4364)
	at java.util.concurrent.ForkJoinPool.managedBlock(java.base@25.0.1/ForkJoinPool.java:4310)
	at java.util.concurrent.locks.AbstractQueuedSynchronizer$ConditionObject.await(java.base@25.0.1/AbstractQueuedSynchronizer.java:1752)
	at java.util.concurrent.LinkedBlockingQueue.take(java.base@25.0.1/LinkedBlockingQueue.java:435)
	at java.util.concurrent.ThreadPoolExecutor.getTask(java.base@25.0.1/ThreadPoolExecutor.java:1016)
	at java.util.concurrent.ThreadPoolExecutor.runWorker(java.base@25.0.1/ThreadPoolExecutor.java:1076)
	at java.util.concurrent.ThreadPoolExecutor$Worker.run(java.base@25.0.1/ThreadPoolExecutor.java:614)
	at com.sun.javafx.tk.quantum.QuantumRenderer$PipelineRunnable.run(QuantumRenderer.java:122)
	at java.lang.Thread.runWith(java.base@25.0.1/Thread.java:1487)
	at java.lang.Thread.run(java.base@25.0.1/Thread.java:1474)

"InvokeLaterDispatcher" #39 [7340] daemon prio=5 os_prio=0 cpu=0.00ms elapsed=58.51s tid=0x0000022ec8a20830 nid=7340 waiting on condition  [0x0000003c308fe000]
   java.lang.Thread.State: WAITING (parking)
	at jdk.internal.misc.Unsafe.park(java.base@25.0.1/Native Method)
	- parking to wait for  <0x0000000620879158> (a java.util.concurrent.locks.AbstractQueuedSynchronizer$ConditionObject)
	at java.util.concurrent.locks.LockSupport.park(java.base@25.0.1/LockSupport.java:369)
	at java.util.concurrent.locks.AbstractQueuedSynchronizer$ConditionNode.block(java.base@25.0.1/AbstractQueuedSynchronizer.java:520)
	at java.util.concurrent.ForkJoinPool.unmanagedBlock(java.base@25.0.1/ForkJoinPool.java:4364)
	at java.util.concurrent.ForkJoinPool.managedBlock(java.base@25.0.1/ForkJoinPool.java:4310)
	at java.util.concurrent.locks.AbstractQueuedSynchronizer$ConditionObject.await(java.base@25.0.1/AbstractQueuedSynchronizer.java:1752)
	at java.util.concurrent.LinkedBlockingDeque.takeFirst(java.base@25.0.1/LinkedBlockingDeque.java:486)
	at com.sun.glass.ui.InvokeLaterDispatcher.run(InvokeLaterDispatcher.java:108)

"JavaFX Application Thread" #40 [2256] prio=5 os_prio=0 cpu=2703.12ms elapsed=58.51s tid=0x0000022ec8a288d0 nid=2256 runnable  [0x0000003c309fe000]
   java.lang.Thread.State: RUNNABLE
	at com.sun.glass.ui.win.WinApplication._runLoop(Native Method)
	at com.sun.glass.ui.win.WinApplication.lambda$runLoop$0(WinApplication.java:168)
	at com.sun.glass.ui.win.WinApplication$$Lambda/0x000000008c05dfc0.run(Unknown Source)
	at java.lang.Thread.runWith(java.base@25.0.1/Thread.java:1487)
	at java.lang.Thread.run(java.base@25.0.1/Thread.java:1474)

"Thread-2" #42 [8196] daemon prio=5 os_prio=0 cpu=109.38ms elapsed=58.36s tid=0x0000022ec8ec7460 nid=8196 runnable  [0x0000000000000000]
   java.lang.Thread.State: RUNNABLE

"Prism Font Disposer" #54 [11784] daemon prio=10 os_prio=2 cpu=0.00ms elapsed=57.22s tid=0x0000022ed0af1410 nid=11784 in Object.wait()  [0x0000003c313ff000]
   java.lang.Thread.State: WAITING (on object monitor)
	at java.lang.Object.wait0(java.base@25.0.1/Native Method)
	- waiting on <0x0000000621701fd0> (a java.lang.ref.ReferenceQueue$Lock)
	at java.lang.Object.wait(java.base@25.0.1/Object.java:389)
	at java.lang.Object.wait(java.base@25.0.1/Object.java:351)
	at java.lang.ref.ReferenceQueue.remove0(java.base@25.0.1/ReferenceQueue.java:137)
	at java.lang.ref.ReferenceQueue.remove(java.base@25.0.1/ReferenceQueue.java:215)
	- locked <0x0000000621701fd0> (a java.lang.ref.ReferenceQueue$Lock)
	at com.sun.javafx.font.Disposer.run(Disposer.java:86)
	at java.lang.Thread.runWith(java.base@25.0.1/Thread.java:1487)
	at java.lang.Thread.run(java.base@25.0.1/Thread.java:1474)

"Cleaner-0" #55 [18236] daemon prio=8 os_prio=1 cpu=0.00ms elapsed=56.83s tid=0x0000022ec3ac9e30 nid=18236 in Object.wait()  [0x0000003c321ff000]
   java.lang.Thread.State: TIMED_WAITING (on object monitor)
	at java.lang.Object.wait0(java.base@25.0.1/Native Method)
	- waiting on <0x000000061f1c65c0> (a java.lang.ref.ReferenceQueue$Lock)
	at java.lang.Object.wait(java.base@25.0.1/Object.java:389)
	at java.lang.ref.ReferenceQueue.remove0(java.base@25.0.1/ReferenceQueue.java:123)
	at java.lang.ref.ReferenceQueue.remove(java.base@25.0.1/ReferenceQueue.java:201)
	- locked <0x000000061f1c65c0> (a java.lang.ref.ReferenceQueue$Lock)
	at jdk.internal.ref.CleanerImpl.run(java.base@25.0.1/CleanerImpl.java:146)
	at java.lang.Thread.runWith(java.base@25.0.1/Thread.java:1487)
	at java.lang.Thread.run(java.base@25.0.1/Thread.java:1474)
	at jdk.internal.misc.InnocuousThread.run(java.base@25.0.1/InnocuousThread.java:148)

"VirtualThread-unblocker" #56 [1852] daemon prio=5 os_prio=0 cpu=0.00ms elapsed=40.97s tid=0x0000022ecffe3fc0 nid=1852 runnable  [0x0000003c2ffff000]
   java.lang.Thread.State: RUNNABLE
	at java.lang.VirtualThread.takeVirtualThreadListToUnblock(java.base@25.0.1/Native Method)
	at java.lang.VirtualThread.unblockVirtualThreads(java.base@25.0.1/VirtualThread.java:1507)
	at java.lang.VirtualThread$$Lambda/0x000000008c0e7968.run(java.base@25.0.1/Unknown Source)
	at java.lang.Thread.runWith(java.base@25.0.1/Thread.java:1487)
	at java.lang.Thread.run(java.base@25.0.1/Thread.java:1474)
	at jdk.internal.misc.InnocuousThread.run(java.base@25.0.1/InnocuousThread.java:148)

"GC Thread#10" os_prio=2 cpu=0.00ms elapsed=57.78s tid=0x0000022ec8f83b30 nid=14912 runnable  

"GC Thread#11" os_prio=2 cpu=0.00ms elapsed=57.78s tid=0x0000022ec8f850c0 nid=3492 runnable  

"GC Thread#4" os_prio=2 cpu=0.00ms elapsed=57.78s tid=0x0000022ed032fe80 nid=3280 runnable  

"GC Thread#9" os_prio=2 cpu=0.00ms elapsed=57.78s tid=0x0000022ec8f84c70 nid=5672 runnable  

"GC Thread#8" os_prio=2 cpu=0.00ms elapsed=57.78s tid=0x0000022ec8f836e0 nid=18720 runnable  

"GC Thread#7" os_prio=2 cpu=0.00ms elapsed=57.78s tid=0x0000022ec8f85960 nid=1528 runnable  

"GC Thread#6" os_prio=2 cpu=0.00ms elapsed=57.78s tid=0x0000022ed03306e0 nid=8440 runnable  

"GC Thread#3" os_prio=2 cpu=0.00ms elapsed=57.78s tid=0x0000022ed2effb50 nid=5000 runnable  

"GC Thread#5" os_prio=2 cpu=0.00ms elapsed=57.78s tid=0x0000022ed03302b0 nid=7188 runnable  

"GC Thread#2" os_prio=2 cpu=0.00ms elapsed=57.78s tid=0x0000022ed2eff720 nid=3896 runnable  

"GC Thread#1" os_prio=2 cpu=0.00ms elapsed=57.78s tid=0x0000022ed50a0a60 nid=9208 runnable  

"VM Thread" os_prio=2 cpu=0.00ms elapsed=59.22s tid=0x0000022ec0abc260 nid=2344 runnable  

"VM Periodic Task Thread" os_prio=2 cpu=15.62ms elapsed=59.22s tid=0x0000022ec0aaa690 nid=7648 waiting on condition  

"G1 Service" os_prio=2 cpu=0.00ms elapsed=59.23s tid=0x0000022ec097f950 nid=19216 runnable  

"G1 Refine#0" os_prio=2 cpu=0.00ms elapsed=59.23s tid=0x0000022ec097d080 nid=10160 runnable  

"G1 Conc#0" os_prio=2 cpu=0.00ms elapsed=59.23s tid=0x0000022e9e750ca0 nid=8384 runnable  

"G1 Main Marker" os_prio=2 cpu=0.00ms elapsed=59.23s tid=0x0000022e9e750300 nid=17380 runnable  

"GC Thread#0" os_prio=2 cpu=0.00ms elapsed=59.23s tid=0x0000022e9e736ba0 nid=16872 runnable  

JNI global refs: 120, weak refs: 0

