{"databaseMajor":23,"databaseMinor":26}
{"check":"connect_identity","result":"passed","milliseconds":367}
{"check":"create_unique_fixture","result":"passed","milliseconds":70}
{"check":"real_insert_update_and_conflict","result":"passed","milliseconds":361}
{"check":"readonly_rejects_sql_insert_and_data_update_before_resources","result":"passed","milliseconds":11}
{"check":"production_confirmation_bound_to_request_and_config","result":"passed","milliseconds":138}
{"check":"manual_rollback_visibility","result":"passed","milliseconds":196}
{"check":"manual_commit_visibility","result":"passed","milliseconds":195}
{"check":"pending_close_rolls_back","result":"passed","milliseconds":177}
{"check":"schema_name_catalog","result":"passed","milliseconds":150}
{"check":"metadata_column_name","result":"passed","milliseconds":66}
{"check":"metadata_object_comment","result":"passed","milliseconds":74}
{"check":"metadata_column_comment","result":"passed","milliseconds":68}
{"check":"readonly_data_page_and_oracle_empty_string","result":"passed","milliseconds":62}
{"check":"ddl_preview_only","result":"passed","milliseconds":186}
{"driverObservation":"cancel","kind":"ERROR","failureKind":"CANCELLED","elapsedMillis":3010}
{"check":"real_driver_cancel_lock_wait_and_recover","result":"passed","milliseconds":3190}
{"driverObservation":"timeout","kind":"ERROR","failureKind":"TIMEOUT","elapsedMillis":9005}
{"check":"real_driver_timeout_lock_wait_and_recover","result":"passed","milliseconds":9187}
{"check":"connections_closed_and_fixture_retained","result":"passed","milliseconds":214}
{"summary":true,"passed":17,"failed":0,"opened":33,"closed":33,"executed":55,"mutations":14,"deletionStatementsExecuted":0,"fixture":"DCA_D161141EA4BB45_T","retained":true}
