Picked up JAVA_TOOL_OPTIONS: "-Duser.home=C:\Users\hetia\AppData\Local\Temp\datacube-xlsx-diagnosis-c17e8a4437324dc8a962f809f8428f9e/profile" "-Djava.io.tmpdir=C:\Users\hetia\AppData\Local\Temp\DA5AE4~1\temp"
nul cell=0 rawHex=0061,0062 decodedHex=0061,0062
nul cell=1 rawHex=0061,0062 decodedHex=0061,0062
nul published=true parse=true exact=false mapping=false pass=false
c0 cell=0 rawHex=0061,0062 decodedHex=0061,0062
c0 cell=1 rawHex=0061,0062 decodedHex=0061,0062
c0 published=true parse=true exact=false mapping=false pass=false
cr cell=0 rawHex=0061,000A,0062,000A,0063 decodedHex=0061,000A,0062,000A,0063
cr cell=1 rawHex=0061,000A,0062,000A,0063 decodedHex=0061,000A,0062,000A,0063
cr published=true parse=true exact=false mapping=false pass=false
fffe published=true parse=false pass=false
ffff published=true parse=false pass=false
literal cell=0 rawHex=0070,005F,0078,0030,0030,0030,0030,005F,005F,0078,0030,0030,0030,0044,005F,005F,0078,0030,0030,0035,0046,005F,0078,0030,0030,0030,0030,005F,005F,0078,0030,0030,0061,0046,005F,0071 decodedHex=0070,0000,000D,005F,0078,0030,0030,0030,0030,005F,00AF,0071
literal cell=1 rawHex=0070,005F,0078,0030,0030,0030,0030,005F,005F,0078,0030,0030,0030,0044,005F,005F,0078,0030,0030,0035,0046,005F,0078,0030,0030,0030,0030,005F,005F,0078,0030,0030,0061,0046,005F,0071 decodedHex=0070,0000,000D,005F,0078,0030,0030,0030,0030,005F,00AF,0071
literal published=true parse=true exact=false mapping=false pass=false
near-literal cell=0 rawHex=005F,0058,0030,0030,0030,0030,005F,0020,005F,0078,0030,0030,0030,0067,005F,0020,005F,0078,0030,0030,0030,005F,0020,005F,0078,0030,0030,0030,0030,0030,005F,0020,005F,0078,0030,0030,0035,0046,005F decodedHex=005F,0058,0030,0030,0030,0030,005F,0020,005F,0078,0030,0030,0030,0067,005F,0020,005F,0078,0030,0030,0030,005F,0020,005F,0078,0030,0030,0030,0030,0030,005F,0020,005F
near-literal cell=1 rawHex=005F,0058,0030,0030,0030,0030,005F,0020,005F,0078,0030,0030,0030,0067,005F,0020,005F,0078,0030,0030,0030,005F,0020,005F,0078,0030,0030,0030,0030,0030,005F,0020,005F,0078,0030,0030,0035,0046,005F decodedHex=005F,0058,0030,0030,0030,0030,005F,0020,005F,0078,0030,0030,0030,0067,005F,0020,005F,0078,0030,0030,0030,005F,0020,005F,0078,0030,0030,0030,0030,0030,005F,0020,005F
near-literal published=true parse=true exact=false mapping=false pass=false
high-surrogate cell=0 rawHex=0061,003F,0062 decodedHex=0061,003F,0062
high-surrogate cell=1 rawHex=0061,003F,0062 decodedHex=0061,003F,0062
high-surrogate published=true parse=true exact=false mapping=false pass=false
low-surrogate cell=0 rawHex=0061,003F,0062 decodedHex=0061,003F,0062
low-surrogate cell=1 rawHex=0061,003F,0062 decodedHex=0061,003F,0062
low-surrogate published=true parse=true exact=false mapping=false pass=false
ordinary cell=0 rawHex=0020,4E2D,6587,003C,0026,003E,0022,0009,000A,007F,0080,009F,D7FF,E000,FFFD,D800,DC00,D83D,DE00,DBFF,DFFF,0020 decodedHex=0020,4E2D,6587,003C,0026,003E,0022,0009,000A,007F,0080,009F,D7FF,E000,FFFD,D800,DC00,D83D,DE00,DBFF,DFFF,0020
ordinary cell=1 rawHex=0020,4E2D,6587,003C,0026,003E,0022,0009,000A,007F,0080,009F,D7FF,E000,FFFD,D800,DC00,D83D,DE00,DBFF,DFFF,0020 decodedHex=0020,4E2D,6587,003C,0026,003E,0022,0009,000A,007F,0080,009F,D7FF,E000,FFFD,D800,DC00,D83D,DE00,DBFF,DFFF,0020
ordinary published=true parse=true exact=true mapping=true pass=true
DIAGNOSIS_FAILURES=9
