{"utc":"2026-10-04T20:55:38.675174300Z","event":"GEOMETRY","details":"shell;shell=1134.6666259765625xNaN;scale=1.5"}
{"utc":"2026-10-04T20:55:38.689158500Z","event":"GEOMETRY","details":"shell;shell=1134.6666259765625x797.3333129882812;scale=1.5"}
{"utc":"2026-10-04T20:55:38.711775200Z","event":"EXTERNAL_HOOK","details":"own Stage titlebar close -> actual AppShell.shutdownAsync; not DataCubeFx launcher; no automatic decision"}
{"utc":"2026-10-04T20:55:39.374677300Z","event":"DRAFT_ATOMIC_SUCCESS","details":"count=1"}
{"utc":"2026-10-04T20:55:39.421283300Z","event":"DRAFT_ATOMIC_SUCCESS","details":"count=2"}
{"utc":"2026-10-04T20:55:39.451278Z","event":"WORKSPACE_ATTEMPT","details":"sha=d4b094fd60d48fccdb0568d0b6d4ed46c845c7f20e1796fb657964ebe4341338; fault=false"}
{"utc":"2026-10-04T20:55:39.453280700Z","event":"PROGRAMMATIC_INITIALIZATION","details":"real reads+checkpoint+position+old layout seed; not native evidence"}
{"utc":"2026-10-04T20:55:39.457278700Z","event":"READY","details":"two real file reads/checkpoints; oldWorkspaceSHA=d4b094fd60d48fccdb0568d0b6d4ed46c845c7f20e1796fb657964ebe4341338; layout=SqlWorkspace[capturedAt=1791147339424, entries=[Entry[draftId=58786f91-9e3c-49bc-8ea8-52e3cdca1926, anchor=1, caret=7], Entry[draftId=11b66539-a39f-4c70-8dd6-0487a5626668, anchor=2, caret=8]], selectedDraftId=58786f91-9e3c-49bc-8ea8-52e3cdca1926]"}
{"utc":"2026-10-04T20:55:39.467525500Z","event":"SHELL_FOCUS","details":"Button:fixture-release-workspace"}
{"utc":"2026-10-04T20:55:40.945410500Z","event":"WORKSPACE_ATTEMPT","details":"sha=243f6f3e238b2f3f5ffb20c41f2a41fa1a201d8857305bc18c30f816ab241149; fault=true"}
{"utc":"2026-10-04T20:55:58.207707900Z","event":"SHELL_KEY","details":"ALT;ctrl=false;shift=false"}
{"utc":"2026-10-04T20:55:58.208706400Z","event":"SHELL_KEY","details":"F4;ctrl=false;shift=false"}
{"utc":"2026-10-04T20:55:58.210707100Z","event":"EXTERNAL_CLOSE_REQUEST","details":"real shell; currentLayout=SqlWorkspace[capturedAt=1791147358209, entries=[Entry[draftId=58786f91-9e3c-49bc-8ea8-52e3cdca1926, anchor=1, caret=7], Entry[draftId=11b66539-a39f-4c70-8dd6-0487a5626668, anchor=2, caret=8]], selectedDraftId=58786f91-9e3c-49bc-8ea8-52e3cdca1926]; beforeSHA=d4b094fd60d48fccdb0568d0b6d4ed46c845c7f20e1796fb657964ebe4341338"}
{"utc":"2026-10-04T20:55:58.218755600Z","event":"SHELL_FOCUS","details":"none"}
{"utc":"2026-10-04T20:55:58.286956100Z","event":"WORKSPACE_ATTEMPT","details":"sha=e33dd07f532b14ab9673ed927d508f3054cda2d7f36746c93be28ba455414fef; fault=true"}
{"utc":"2026-10-04T20:55:58.348958500Z","event":"PRODUCTION_ALERT","details":"owner=ownShell title=工作区记录未保存; default=cancel; message=本次标签顺序和编辑位置尚未保存，已有恢复点保留。可以重试、取消退出，或仅忽略本次工作区更新后退出。; buttons=retry,cancel,ignore"}
{"utc":"2026-10-04T20:55:58.351958600Z","event":"GEOMETRY","details":"dialog=675.3333129882812x144.0;scale=1.5"}
{"utc":"2026-10-04T20:56:22.164078400Z","event":"DIALOG_FOCUS","details":"Button:null"}
{"utc":"2026-10-04T20:56:22.185716900Z","event":"PRODUCTION_BUTTON_ACTION","details":"重试; source origin requires root tool evidence"}
{"utc":"2026-10-04T20:56:22.202378900Z","event":"FIXTURE_RELEASE","details":"own release marker observed at atomic publication; not native action"}
{"utc":"2026-10-04T20:56:22.203380200Z","event":"WORKSPACE_ATTEMPT","details":"sha=e33dd07f532b14ab9673ed927d508f3054cda2d7f36746c93be28ba455414fef; fault=false"}
{"utc":"2026-10-04T20:56:22.214509700Z","event":"QUARANTINE_SETTLED","details":"CLOSE;outcome=COMPLETED"}
{"utc":"2026-10-04T20:56:22.227195600Z","event":"STORE_LOCK_REOPENED","details":"actual store and layout assertions succeeded; persistedLayout=SqlWorkspace[capturedAt=1791147358212, entries=[Entry[draftId=58786f91-9e3c-49bc-8ea8-52e3cdca1926, anchor=1, caret=7], Entry[draftId=11b66539-a39f-4c70-8dd6-0487a5626668, anchor=2, caret=8]], selectedDraftId=58786f91-9e3c-49bc-8ea8-52e3cdca1926]; decision=重试"}
{"utc":"2026-10-04T20:56:22.228195400Z","event":"COMPLETED","details":"runtime=CLOSED registry=CLOSED fileDispatcherClose=1 providerRequests=0 afterFileSHA=ccebd8d116721269e983713005550033d0af1b2ce8b58ba6ce5c6d63281edde8"}
