To honour the JVM settings for this build a single-use Daemon process will be forked. For more on this, please refer to https://docs.gradle.org/9.2.0/userguide/gradle_daemon.html#sec:disabling_the_daemon in the Gradle documentation.
Daemon will be stopped at the end of the build 
> Task :buildSrc:compileJava
> Task :buildSrc:compileGroovy NO-SOURCE
> Task :buildSrc:processResources NO-SOURCE
> Task :buildSrc:classes
> Task :buildSrc:jar
> Task :generateIcon
> Task :compileJava
> Task :generateBrandIcons
> Task :generateVersionProperties
> Task :processResources
> Task :classes
> Task :jar

> Task :prepareMergedJarsDir

> Task :createMergedModule

> Task :createDelegatingModules

> Task :prepareModulesDir

> Task :jlink
java.base module not found in D:\jvms_v2.1.6_amd64\store\jdk-25.0.1+8\jmods, assuming the used Java toolchain has enabled JEP 493

> Task :jpackageImage

BUILD SUCCESSFUL in 2m 7s
14 actionable tasks: 14 executed
Consider enabling configuration cache to speed up this build: https://docs.gradle.org/9.2.0/userguide/configuration_cache_enabling.html
