To honour the JVM settings for this build a single-use Daemon process will be forked. For more on this, please refer to https://docs.gradle.org/9.2.0/userguide/gradle_daemon.html#sec:disabling_the_daemon in the Gradle documentation.
Daemon will be stopped at the end of the build 
> Task :buildSrc:compileJava UP-TO-DATE
> Task :buildSrc:compileGroovy NO-SOURCE
> Task :buildSrc:processResources NO-SOURCE
> Task :buildSrc:classes UP-TO-DATE
> Task :buildSrc:jar UP-TO-DATE
> Task :cleanTest
> Task :compileJava
> Task :generateBrandIcons UP-TO-DATE
> Task :generateVersionProperties UP-TO-DATE
> Task :processResources UP-TO-DATE
> Task :classes
> Task :compileTestJava
> Task :processTestResources NO-SOURCE
> Task :testClasses

> Task :test FAILED

TableExportJdbcIntegrityTest > oneMetadataCursorIncludesEmptyHeadersAndAllRowsWithoutPagingOrSharedMutation(ExportFormat, int) > [3] SQL, 501 FAILED
    org.opentest4j.AssertionFailedError: expected: <501> but was: <0>
        at app//org.junit.jupiter.api.AssertionFailureBuilder.build(AssertionFailureBuilder.java:151)
        at app//org.junit.jupiter.api.AssertionFailureBuilder.buildAndThrow(AssertionFailureBuilder.java:132)
        at app//org.junit.jupiter.api.AssertEquals.failNotEqual(AssertEquals.java:197)
        at app//org.junit.jupiter.api.AssertEquals.assertEquals(AssertEquals.java:150)
        at app//org.junit.jupiter.api.AssertEquals.assertEquals(AssertEquals.java:145)
        at app//org.junit.jupiter.api.Assertions.assertEquals(Assertions.java:531)
        at app//com.datacube.export.TableExportJdbcIntegrityTest.oneMetadataCursorIncludesEmptyHeadersAndAllRowsWithoutPagingOrSharedMutation(TableExportJdbcIntegrityTest.java:37)

TableExportJdbcIntegrityTest > oneMetadataCursorIncludesEmptyHeadersAndAllRowsWithoutPagingOrSharedMutation(ExportFormat, int) > [4] XLSX, 501 FAILED
    org.opentest4j.AssertionFailedError: expected: <501> but was: <0>
        at app//org.junit.jupiter.api.AssertionFailureBuilder.build(AssertionFailureBuilder.java:151)
        at app//org.junit.jupiter.api.AssertionFailureBuilder.buildAndThrow(AssertionFailureBuilder.java:132)
        at app//org.junit.jupiter.api.AssertEquals.failNotEqual(AssertEquals.java:197)
        at app//org.junit.jupiter.api.AssertEquals.assertEquals(AssertEquals.java:150)
        at app//org.junit.jupiter.api.AssertEquals.assertEquals(AssertEquals.java:145)
        at app//org.junit.jupiter.api.Assertions.assertEquals(Assertions.java:531)
        at app//com.datacube.export.TableExportJdbcIntegrityTest.oneMetadataCursorIncludesEmptyHeadersAndAllRowsWithoutPagingOrSharedMutation(TableExportJdbcIntegrityTest.java:37)

TableExportValuesIntegrityTest > finiteWhitelistHasNoImplicitNumericOrTextFallback() FAILED
    org.opentest4j.AssertionFailedError: Expected com.datacube.export.TableExportFailure to be thrown, but nothing was thrown.
        at app//org.junit.jupiter.api.AssertionFailureBuilder.build(AssertionFailureBuilder.java:152)
        at app//org.junit.jupiter.api.AssertThrows.assertThrows(AssertThrows.java:73)
        at app//org.junit.jupiter.api.AssertThrows.assertThrows(AssertThrows.java:35)
        at app//org.junit.jupiter.api.Assertions.assertThrows(Assertions.java:3128)
        at app//com.datacube.export.TableExportValuesIntegrityTest.finiteWhitelistHasNoImplicitNumericOrTextFallback(TableExportValuesIntegrityTest.java:38)
9 actionable tasks: 4 executed, 5 up-to-date
