Merge made by the 'ort' strategy.
 README.md                                          |   2 +-
 .../plans/2026-09-30-schema-object-admission.md    |  28 ++
 ...2026-09-30-schema-object-admission-results.json | 386 +++++++++++++++
 .../2026-09-30-schema-object-admission.md          |  48 ++
 .../schema-object-admission/.gitattributes         |   1 +
 .../MigrationRuntimeDriverProbe.java               |   9 +
 .../schema-object-admission/archive-evidence.ps1   |  48 ++
 .../schema-object-admission/audit-image.ps1        |  27 ++
 .../TEST-datacube.build.IcoGeneratorTest.xml       |  14 +
 .../checks/branch-buildsrc/branch-buildsrc.json    |  28 ++
 .../checks/branch-buildsrc/branch-buildsrc.log     |  16 +
 .../checks/branch-buildsrc/xml-manifest.txt        |   1 +
 ....datacube.fx.MetadataSearchShellRoutingTest.xml | 152 ++++++
 ....datacube.fx.SchemaMetadataSearchDialogTest.xml |  31 ++
 .../TEST-com.datacube.fx.SchemaObjectCopyTest.xml  |  31 ++
 ...T-com.datacube.fx.SchemaObjectFindEntryTest.xml |  30 ++
 ...-com.datacube.fx.SchemaObjectKindFilterTest.xml |  28 ++
 ...om.datacube.fx.SchemaObjectSearchDialogTest.xml |  21 +
 ...datacube.fx.SchemaObjectSearchLifecycleTest.xml |  14 +
 ...m.datacube.service.SchemaMetadataSearchTest.xml |  11 +
 ...om.datacube.service.SchemaObjectCatalogTest.xml |  18 +
 .../checks/branch-directed/branch-directed.json    |  37 ++
 .../checks/branch-directed/branch-directed.log     |  20 +
 .../checks/branch-directed/xml-manifest.txt        |   9 +
 .../branch-evidence-audit.json                     |  37 ++
 ....datacube.fx.MetadataSearchShellRoutingTest.xml | 150 ++++++
 ....datacube.fx.SchemaMetadataSearchDialogTest.xml |  31 ++
 .../TEST-com.datacube.fx.SchemaObjectCopyTest.xml  |  31 ++
 ...T-com.datacube.fx.SchemaObjectFindEntryTest.xml |  30 ++
 ...-com.datacube.fx.SchemaObjectKindFilterTest.xml |  28 ++
 ...om.datacube.fx.SchemaObjectSearchDialogTest.xml |  21 +
 ...datacube.fx.SchemaObjectSearchLifecycleTest.xml |  14 +
 ...com.datacube.provider.SchemaObjectNamesTest.xml |  13 +
 ...com.datacube.redis.RedisLiveIntegrationTest.xml |  16 +
 ...be.schemadiff.SchemaDiffLiveIntegrationTest.xml |  32 ++
 ...m.datacube.service.SchemaMetadataSearchTest.xml |  11 +
 ...om.datacube.service.SchemaObjectCatalogTest.xml |  18 +
 .../checks/branch-full/branch-full.json            |  41 ++
 .../checks/branch-full/branch-full.log             |  21 +
 .../checks/branch-full/xml-manifest.txt            | 309 ++++++++++++
 .../branch-image-audit-driver.log                  |   3 +
 .../branch-image-audit/branch-image-audit.json     |  27 ++
 .../checks/branch-image/branch-image.json          |  15 +
 .../checks/branch-image/branch-image.log           |  27 ++
 .../checks/branch-review/branch-review.json        |  21 +
 .../branch-staged-evidence-audit.json              |  37 ++
 ....datacube.fx.MetadataSearchShellRoutingTest.xml |  24 +
 .../name-green-routing/name-green-routing.json     |  29 ++
 .../name-green-routing/name-green-routing.log      |  20 +
 .../checks/name-green-routing/xml-manifest.txt     |   1 +
 ....datacube.fx.MetadataSearchShellRoutingTest.xml | 152 ++++++
 ....datacube.fx.SchemaMetadataSearchDialogTest.xml |  31 ++
 .../TEST-com.datacube.fx.SchemaObjectCopyTest.xml  |  31 ++
 ...T-com.datacube.fx.SchemaObjectFindEntryTest.xml |  30 ++
 ...-com.datacube.fx.SchemaObjectKindFilterTest.xml |  28 ++
 ...om.datacube.fx.SchemaObjectSearchDialogTest.xml |  21 +
 ...datacube.fx.SchemaObjectSearchLifecycleTest.xml |  12 +
 ...om.datacube.service.SchemaObjectCatalogTest.xml |  18 +
 .../checks/name-lifecycle/name-lifecycle.json      |  35 ++
 .../checks/name-lifecycle/name-lifecycle.log       |  20 +
 .../checks/name-lifecycle/xml-manifest.txt         |   8 +
 ....datacube.fx.MetadataSearchShellRoutingTest.xml | 212 ++++++++
 .../checks/name-red-runtime/name-red-runtime.json  |  34 ++
 .../checks/name-red-runtime/name-red-runtime.log   |  69 +++
 .../checks/name-red-runtime/xml-manifest.txt       |   1 +
 .../schema-object-admission/isolated-tests.gradle  |   7 +
 .../evidence/schema-object-admission/manifest.json | 335 +++++++++++++
 .../schema-object-admission/name-red-test.java     | 539 +++++++++++++++++++++
 .../evidence/schema-object-admission/run-check.ps1 |  42 ++
 .../schema-object-admission/source-snapshot.json   |  31 ++
 .../schema-object-admission/verify-evidence.ps1    |  41 ++
 src/com/datacube/fx/ConnectionTreePane.java        |  17 +-
 src/com/datacube/fx/SchemaObjectSearchDialog.java  |  67 ++-
 .../fx/MetadataSearchShellRoutingTest.java         |  57 ++-
 .../datacube/fx/SchemaObjectSearchDialogTest.java  |   6 +-
 .../fx/SchemaObjectSearchLifecycleTest.java        | 132 +++++
 76 files changed, 3973 insertions(+), 20 deletions(-)
 create mode 100644 docs/superpowers/plans/2026-09-30-schema-object-admission.md
 create mode 100644 docs/superpowers/verification/2026-09-30-schema-object-admission-results.json
 create mode 100644 docs/superpowers/verification/2026-09-30-schema-object-admission.md
 create mode 100644 docs/superpowers/verification/evidence/schema-object-admission/.gitattributes
 create mode 100644 docs/superpowers/verification/evidence/schema-object-admission/MigrationRuntimeDriverProbe.java
 create mode 100644 docs/superpowers/verification/evidence/schema-object-admission/archive-evidence.ps1
 create mode 100644 docs/superpowers/verification/evidence/schema-object-admission/audit-image.ps1
 create mode 100644 docs/superpowers/verification/evidence/schema-object-admission/checks/branch-buildsrc/TEST-datacube.build.IcoGeneratorTest.xml
 create mode 100644 docs/superpowers/verification/evidence/schema-object-admission/checks/branch-buildsrc/branch-buildsrc.json
 create mode 100644 docs/superpowers/verification/evidence/schema-object-admission/checks/branch-buildsrc/branch-buildsrc.log
 create mode 100644 docs/superpowers/verification/evidence/schema-object-admission/checks/branch-buildsrc/xml-manifest.txt
 create mode 100644 docs/superpowers/verification/evidence/schema-object-admission/checks/branch-directed/TEST-com.datacube.fx.MetadataSearchShellRoutingTest.xml
 create mode 100644 docs/superpowers/verification/evidence/schema-object-admission/checks/branch-directed/TEST-com.datacube.fx.SchemaMetadataSearchDialogTest.xml
 create mode 100644 docs/superpowers/verification/evidence/schema-object-admission/checks/branch-directed/TEST-com.datacube.fx.SchemaObjectCopyTest.xml
 create mode 100644 docs/superpowers/verification/evidence/schema-object-admission/checks/branch-directed/TEST-com.datacube.fx.SchemaObjectFindEntryTest.xml
 create mode 100644 docs/superpowers/verification/evidence/schema-object-admission/checks/branch-directed/TEST-com.datacube.fx.SchemaObjectKindFilterTest.xml
 create mode 100644 docs/superpowers/verification/evidence/schema-object-admission/checks/branch-directed/TEST-com.datacube.fx.SchemaObjectSearchDialogTest.xml
 create mode 100644 docs/superpowers/verification/evidence/schema-object-admission/checks/branch-directed/TEST-com.datacube.fx.SchemaObjectSearchLifecycleTest.xml
 create mode 100644 docs/superpowers/verification/evidence/schema-object-admission/checks/branch-directed/TEST-com.datacube.service.SchemaMetadataSearchTest.xml
 create mode 100644 docs/superpowers/verification/evidence/schema-object-admission/checks/branch-directed/TEST-com.datacube.service.SchemaObjectCatalogTest.xml
 create mode 100644 docs/superpowers/verification/evidence/schema-object-admission/checks/branch-directed/branch-directed.json
 create mode 100644 docs/superpowers/verification/evidence/schema-object-admission/checks/branch-directed/branch-directed.log
 create mode 100644 docs/superpowers/verification/evidence/schema-object-admission/checks/branch-directed/xml-manifest.txt
 create mode 100644 docs/superpowers/verification/evidence/schema-object-admission/checks/branch-evidence-audit/branch-evidence-audit.json
 create mode 100644 docs/superpowers/verification/evidence/schema-object-admission/checks/branch-full/TEST-com.datacube.fx.MetadataSearchShellRoutingTest.xml
 create mode 100644 docs/superpowers/verification/evidence/schema-object-admission/checks/branch-full/TEST-com.datacube.fx.SchemaMetadataSearchDialogTest.xml
 create mode 100644 docs/superpowers/verification/evidence/schema-object-admission/checks/branch-full/TEST-com.datacube.fx.SchemaObjectCopyTest.xml
 create mode 100644 docs/superpowers/verification/evidence/schema-object-admission/checks/branch-full/TEST-com.datacube.fx.SchemaObjectFindEntryTest.xml
 create mode 100644 docs/superpowers/verification/evidence/schema-object-admission/checks/branch-full/TEST-com.datacube.fx.SchemaObjectKindFilterTest.xml
 create mode 100644 docs/superpowers/verification/evidence/schema-object-admission/checks/branch-full/TEST-com.datacube.fx.SchemaObjectSearchDialogTest.xml
 create mode 100644 docs/superpowers/verification/evidence/schema-object-admission/checks/branch-full/TEST-com.datacube.fx.SchemaObjectSearchLifecycleTest.xml
 create mode 100644 docs/superpowers/verification/evidence/schema-object-admission/checks/branch-full/TEST-com.datacube.provider.SchemaObjectNamesTest.xml
 create mode 100644 docs/superpowers/verification/evidence/schema-object-admission/checks/branch-full/TEST-com.datacube.redis.RedisLiveIntegrationTest.xml
 create mode 100644 docs/superpowers/verification/evidence/schema-object-admission/checks/branch-full/TEST-com.datacube.schemadiff.SchemaDiffLiveIntegrationTest.xml
 create mode 100644 docs/superpowers/verification/evidence/schema-object-admission/checks/branch-full/TEST-com.datacube.service.SchemaMetadataSearchTest.xml
 create mode 100644 docs/superpowers/verification/evidence/schema-object-admission/checks/branch-full/TEST-com.datacube.service.SchemaObjectCatalogTest.xml
 create mode 100644 docs/superpowers/verification/evidence/schema-object-admission/checks/branch-full/branch-full.json
 create mode 100644 docs/superpowers/verification/evidence/schema-object-admission/checks/branch-full/branch-full.log
 create mode 100644 docs/superpowers/verification/evidence/schema-object-admission/checks/branch-full/xml-manifest.txt
 create mode 100644 docs/superpowers/verification/evidence/schema-object-admission/checks/branch-image-audit/branch-image-audit-driver.log
 create mode 100644 docs/superpowers/verification/evidence/schema-object-admission/checks/branch-image-audit/branch-image-audit.json
 create mode 100644 docs/superpowers/verification/evidence/schema-object-admission/checks/branch-image/branch-image.json
 create mode 100644 docs/superpowers/verification/evidence/schema-object-admission/checks/branch-image/branch-image.log
 create mode 100644 docs/superpowers/verification/evidence/schema-object-admission/checks/branch-review/branch-review.json
 create mode 100644 docs/superpowers/verification/evidence/schema-object-admission/checks/branch-staged-evidence-audit/branch-staged-evidence-audit.json
 create mode 100644 docs/superpowers/verification/evidence/schema-object-admission/checks/name-green-routing/TEST-com.datacube.fx.MetadataSearchShellRoutingTest.xml
 create mode 100644 docs/superpowers/verification/evidence/schema-object-admission/checks/name-green-routing/name-green-routing.json
 create mode 100644 docs/superpowers/verification/evidence/schema-object-admission/checks/name-green-routing/name-green-routing.log
 create mode 100644 docs/superpowers/verification/evidence/schema-object-admission/checks/name-green-routing/xml-manifest.txt
 create mode 100644 docs/superpowers/verification/evidence/schema-object-admission/checks/name-lifecycle/TEST-com.datacube.fx.MetadataSearchShellRoutingTest.xml
 create mode 100644 docs/superpowers/verification/evidence/schema-object-admission/checks/name-lifecycle/TEST-com.datacube.fx.SchemaMetadataSearchDialogTest.xml
 create mode 100644 docs/superpowers/verification/evidence/schema-object-admission/checks/name-lifecycle/TEST-com.datacube.fx.SchemaObjectCopyTest.xml
 create mode 100644 docs/superpowers/verification/evidence/schema-object-admission/checks/name-lifecycle/TEST-com.datacube.fx.SchemaObjectFindEntryTest.xml
 create mode 100644 docs/superpowers/verification/evidence/schema-object-admission/checks/name-lifecycle/TEST-com.datacube.fx.SchemaObjectKindFilterTest.xml
 create mode 100644 docs/superpowers/verification/evidence/schema-object-admission/checks/name-lifecycle/TEST-com.datacube.fx.SchemaObjectSearchDialogTest.xml
 create mode 100644 docs/superpowers/verification/evidence/schema-object-admission/checks/name-lifecycle/TEST-com.datacube.fx.SchemaObjectSearchLifecycleTest.xml
 create mode 100644 docs/superpowers/verification/evidence/schema-object-admission/checks/name-lifecycle/TEST-com.datacube.service.SchemaObjectCatalogTest.xml
 create mode 100644 docs/superpowers/verification/evidence/schema-object-admission/checks/name-lifecycle/name-lifecycle.json
 create mode 100644 docs/superpowers/verification/evidence/schema-object-admission/checks/name-lifecycle/name-lifecycle.log
 create mode 100644 docs/superpowers/verification/evidence/schema-object-admission/checks/name-lifecycle/xml-manifest.txt
 create mode 100644 docs/superpowers/verification/evidence/schema-object-admission/checks/name-red-runtime/TEST-com.datacube.fx.MetadataSearchShellRoutingTest.xml
 create mode 100644 docs/superpowers/verification/evidence/schema-object-admission/checks/name-red-runtime/name-red-runtime.json
 create mode 100644 docs/superpowers/verification/evidence/schema-object-admission/checks/name-red-runtime/name-red-runtime.log
 create mode 100644 docs/superpowers/verification/evidence/schema-object-admission/checks/name-red-runtime/xml-manifest.txt
 create mode 100644 docs/superpowers/verification/evidence/schema-object-admission/isolated-tests.gradle
 create mode 100644 docs/superpowers/verification/evidence/schema-object-admission/manifest.json
 create mode 100644 docs/superpowers/verification/evidence/schema-object-admission/name-red-test.java
 create mode 100644 docs/superpowers/verification/evidence/schema-object-admission/run-check.ps1
 create mode 100644 docs/superpowers/verification/evidence/schema-object-admission/source-snapshot.json
 create mode 100644 docs/superpowers/verification/evidence/schema-object-admission/verify-evidence.ps1
