警告: [options] 找不到 --add-exports 选项中的模块名称: com.datacube
docs\superpowers\verification\evidence\sol-p0-p2\SolShellDesktopProbe.java:2: 错误: 程序包com.datacube.config不存在
import com.datacube.config.ConnectionStore;
                          ^
docs\superpowers\verification\evidence\sol-p0-p2\SolShellDesktopProbe.java:3: 错误: 程序包com.datacube.service不存在
import com.datacube.service.ConnectionManager;
                           ^
docs\superpowers\verification\evidence\sol-p0-p2\SolShellDesktopProbe.java:6: 错误: 程序包com.datacube.provider.postgres不存在
import com.datacube.provider.postgres.PostgresProvider;
                                     ^
docs\superpowers\verification\evidence\sol-p0-p2\SolShellDesktopProbe.java:20: 错误: 找不到符号
public final class SolShellDesktopProbe extends Application {
                                                ^
  符号: 类 Application
docs\superpowers\verification\evidence\sol-p0-p2\SolShellDesktopProbe.java:23: 错误: 找不到符号
    static final ConnConfig TARGET=new ConnConfig("synthetic-shell", "合成检索连接", DbType.POSTGRESQL,
                 ^
  符号:   类 ConnConfig
  位置: 类 SolShellDesktopProbe
docs\superpowers\verification\evidence\sol-p0-p2\SolShellDesktopProbe.java:89: 错误: 找不到符号
    static DatabaseProvider provider() {
           ^
  符号:   类 DatabaseProvider
  位置: 类 SolShellDesktopProbe
docs\superpowers\verification\evidence\sol-p0-p2\SolShellDesktopProbe.java:140: 错误: 找不到符号
    @Override public void start(Stage stage) throws Exception {
                                ^
  符号:   类 Stage
  位置: 类 SolShellDesktopProbe
docs\superpowers\verification\evidence\sol-p0-p2\SolShellDesktopProbe.java:1: 错误: 程序包com.datacube.fx不存在
import com.datacube.fx.*;
                   ^
docs\superpowers\verification\evidence\sol-p0-p2\SolShellDesktopProbe.java:4: 错误: 程序包com.datacube.spi不存在
import com.datacube.spi.*;
                   ^
docs\superpowers\verification\evidence\sol-p0-p2\SolShellDesktopProbe.java:5: 错误: 程序包com.datacube.spi.model不存在
import com.datacube.spi.model.*;
                       ^
docs\superpowers\verification\evidence\sol-p0-p2\SolShellDesktopProbe.java:7: 错误: 程序包javafx.application不存在
import javafx.application.*;
             ^
docs\superpowers\verification\evidence\sol-p0-p2\SolShellDesktopProbe.java:8: 错误: 程序包javafx.scene不存在
import javafx.scene.*;
             ^
docs\superpowers\verification\evidence\sol-p0-p2\SolShellDesktopProbe.java:9: 错误: 程序包javafx.scene.control不存在
import javafx.scene.control.*;
                   ^
docs\superpowers\verification\evidence\sol-p0-p2\SolShellDesktopProbe.java:10: 错误: 程序包javafx.scene.layout不存在
import javafx.scene.layout.*;
                   ^
docs\superpowers\verification\evidence\sol-p0-p2\SolShellDesktopProbe.java:11: 错误: 程序包javafx.stage不存在
import javafx.stage.*;
             ^
错误: 仅当显式请求批注处理时才接受类名称 'com.datacube'
docs\superpowers\verification\evidence\sol-p0-p2\SolShellDesktopProbe.java:23: 错误: 找不到符号
    static final ConnConfig TARGET=new ConnConfig("synthetic-shell", "合成检索连接", DbType.POSTGRESQL,
                                       ^
  符号:   类 ConnConfig
  位置: 类 SolShellDesktopProbe
docs\superpowers\verification\evidence\sol-p0-p2\SolShellDesktopProbe.java:23: 错误: 找不到符号
    static final ConnConfig TARGET=new ConnConfig("synthetic-shell", "合成检索连接", DbType.POSTGRESQL,
                                                                               ^
  符号:   变量 DbType
  位置: 类 SolShellDesktopProbe
docs\superpowers\verification\evidence\sol-p0-p2\SolShellDesktopProbe.java:30: 错误: 找不到符号
        public static void main(String[] args) { Application.launch(SolShellDesktopProbe.class,args); }
                                                 ^
  符号:   变量 Application
  位置: 类 Launcher
docs\superpowers\verification\evidence\sol-p0-p2\SolShellDesktopProbe.java:44: 错误: 找不到符号
        if (!new TableRef("demo","orders").equals(value)) throw new AssertionError("Unexpected synthetic table");
                 ^
  符号:   类 TableRef
  位置: 类 SolShellDesktopProbe
docs\superpowers\verification\evidence\sol-p0-p2\SolShellDesktopProbe.java:90: 错误: 找不到符号
        SqlDialect dialect=new PostgresProvider().dialect(); // Stateless formatting only.
        ^
  符号:   类 SqlDialect
  位置: 类 SolShellDesktopProbe
docs\superpowers\verification\evidence\sol-p0-p2\SolShellDesktopProbe.java:90: 错误: 找不到符号
        SqlDialect dialect=new PostgresProvider().dialect(); // Stateless formatting only.
                               ^
  符号:   类 PostgresProvider
  位置: 类 SolShellDesktopProbe
docs\superpowers\verification\evidence\sol-p0-p2\SolShellDesktopProbe.java:91: 错误: 找不到符号
        var factory=new ConnectionFactory(){
                        ^
  符号:   类 ConnectionFactory
  位置: 类 SolShellDesktopProbe
docs\superpowers\verification\evidence\sol-p0-p2\SolShellDesktopProbe.java:93: 错误: 找不到符号
            public Connection open(ConnConfig cfg) {
                                   ^
  符号: 类 ConnConfig
docs\superpowers\verification\evidence\sol-p0-p2\SolShellDesktopProbe.java:99: 错误: 找不到符号
            public String test(ConnConfig cfg){throw new AssertionError("Connection testing forbidden");}
                               ^
  符号: 类 ConnConfig
docs\superpowers\verification\evidence\sol-p0-p2\SolShellDesktopProbe.java:101: 错误: 找不到符号
        MetadataReader metadata=proxy(MetadataReader.class,(p,m,a)->switch(m.getName()){
        ^
  符号:   类 MetadataReader
  位置: 类 SolShellDesktopProbe
docs\superpowers\verification\evidence\sol-p0-p2\SolShellDesktopProbe.java:101: 错误: 找不到符号
        MetadataReader metadata=proxy(MetadataReader.class,(p,m,a)->switch(m.getName()){
                                      ^
  符号:   类 MetadataReader
  位置: 类 SolShellDesktopProbe
docs\superpowers\verification\evidence\sol-p0-p2\SolShellDesktopProbe.java:102: 错误: 找不到符号
            case "schemas" -> { if(!"synthetic".equals(a[0])) throw new AssertionError(); yield List.of(new SchemaInfo("synthetic","demo")); }
                                                                                                            ^
  符号:   类 SchemaInfo
  位置: 类 SolShellDesktopProbe
docs\superpowers\verification\evidence\sol-p0-p2\SolShellDesktopProbe.java:105: 错误: 找不到符号
                yield List.of(new TableInfo("demo","orders",TableInfo.Kind.TABLE,null));
                                  ^
  符号:   类 TableInfo
  位置: 类 SolShellDesktopProbe
docs\superpowers\verification\evidence\sol-p0-p2\SolShellDesktopProbe.java:105: 错误: 程序包TableInfo不存在
                yield List.of(new TableInfo("demo","orders",TableInfo.Kind.TABLE,null));
                                                                     ^
docs\superpowers\verification\evidence\sol-p0-p2\SolShellDesktopProbe.java:107: 错误: 找不到符号
            case "columns" -> { table(a[0]); yield List.of(new ColumnInfo("customer_id","integer",false,null,1,false,"合成客户")); }
                                                               ^
  符号:   类 ColumnInfo
  位置: 类 SolShellDesktopProbe
docs\superpowers\verification\evidence\sol-p0-p2\SolShellDesktopProbe.java:111: 错误: 找不到符号
        DataAccessor data=new DataAccessor(){
        ^
  符号:   类 DataAccessor
  位置: 类 SolShellDesktopProbe
docs\superpowers\verification\evidence\sol-p0-p2\SolShellDesktopProbe.java:111: 错误: 找不到符号
        DataAccessor data=new DataAccessor(){
                              ^
  符号:   类 DataAccessor
  位置: 类 SolShellDesktopProbe
docs\superpowers\verification\evidence\sol-p0-p2\SolShellDesktopProbe.java:112: 错误: 找不到符号
            public PagedResult page(TableRef t,long offset,int limit,List<SortKey> sorts,String filter) {
                                    ^
  符号: 类 TableRef
docs\superpowers\verification\evidence\sol-p0-p2\SolShellDesktopProbe.java:112: 错误: 找不到符号
            public PagedResult page(TableRef t,long offset,int limit,List<SortKey> sorts,String filter) {
                                                                          ^
  符号: 类 SortKey
docs\superpowers\verification\evidence\sol-p0-p2\SolShellDesktopProbe.java:112: 错误: 找不到符号
            public PagedResult page(TableRef t,long offset,int limit,List<SortKey> sorts,String filter) {
                   ^
  符号: 类 PagedResult
docs\superpowers\verification\evidence\sol-p0-p2\SolShellDesktopProbe.java:117: 错误: 找不到符号
            public long count(TableRef t,String filter) {table(t); return 2;}
                              ^
  符号: 类 TableRef
docs\superpowers\verification\evidence\sol-p0-p2\SolShellDesktopProbe.java:115: 错误: 找不到符号
                return new PagedResult(List.of("customer_id"),List.of(List.of(101),List.of(202)),false);
                           ^
  符号: 类 PagedResult
docs\superpowers\verification\evidence\sol-p0-p2\SolShellDesktopProbe.java:119: 错误: 找不到符号
        DdlGenerator ddl=proxy(DdlGenerator.class,(p,m,a)->{
        ^
  符号:   类 DdlGenerator
  位置: 类 SolShellDesktopProbe
docs\superpowers\verification\evidence\sol-p0-p2\SolShellDesktopProbe.java:119: 错误: 找不到符号
        DdlGenerator ddl=proxy(DdlGenerator.class,(p,m,a)->{
                               ^
  符号:   类 DdlGenerator
  位置: 类 SolShellDesktopProbe
docs\superpowers\verification\evidence\sol-p0-p2\SolShellDesktopProbe.java:124: 错误: 找不到符号
        SqlRunner runner=proxy(SqlRunner.class,(p,m,a)->{executions.incrementAndGet(); throw new AssertionError("SQL execution forbidden");});
        ^
  符号:   类 SqlRunner
  位置: 类 SolShellDesktopProbe
docs\superpowers\verification\evidence\sol-p0-p2\SolShellDesktopProbe.java:124: 错误: 找不到符号
        SqlRunner runner=proxy(SqlRunner.class,(p,m,a)->{executions.incrementAndGet(); throw new AssertionError("SQL execution forbidden");});
                               ^
  符号:   类 SqlRunner
  位置: 类 SolShellDesktopProbe
docs\superpowers\verification\evidence\sol-p0-p2\SolShellDesktopProbe.java:125: 错误: 找不到符号
        DataEditor editor=proxy(DataEditor.class,(p,m,a)->{ if(m.getName().equals("columns")) { table(a[0]); return List.of(new ColumnInfo("customer_id","integer",false,null,1,false,"合成客户")); } writes.incrementAndGet(); throw new AssertionError("Data editing forbidden"); });
        ^
  符号:   类 DataEditor
  位置: 类 SolShellDesktopProbe
docs\superpowers\verification\evidence\sol-p0-p2\SolShellDesktopProbe.java:125: 错误: 找不到符号
        DataEditor editor=proxy(DataEditor.class,(p,m,a)->{ if(m.getName().equals("columns")) { table(a[0]); return List.of(new ColumnInfo("customer_id","integer",false,null,1,false,"合成客户")); } writes.incrementAndGet(); throw new AssertionError("Data editing forbidden"); });
                                ^
  符号:   类 DataEditor
  位置: 类 SolShellDesktopProbe
docs\superpowers\verification\evidence\sol-p0-p2\SolShellDesktopProbe.java:125: 错误: 找不到符号
        DataEditor editor=proxy(DataEditor.class,(p,m,a)->{ if(m.getName().equals("columns")) { table(a[0]); return List.of(new ColumnInfo("customer_id","integer",false,null,1,false,"合成客户")); } writes.incrementAndGet(); throw new AssertionError("Data editing forbidden"); });
                                                                                                                                ^
  符号:   类 ColumnInfo
  位置: 类 SolShellDesktopProbe
docs\superpowers\verification\evidence\sol-p0-p2\SolShellDesktopProbe.java:126: 错误: 找不到符号
        return proxy(DatabaseProvider.class,(p,m,a)->switch(m.getName()){
                     ^
  符号:   类 DatabaseProvider
  位置: 类 SolShellDesktopProbe
docs\superpowers\verification\evidence\sol-p0-p2\SolShellDesktopProbe.java:127: 错误: 找不到符号
            case "type" -> DbType.POSTGRESQL;
                           ^
  符号:   变量 DbType
  位置: 类 SolShellDesktopProbe
docs\superpowers\verification\evidence\sol-p0-p2\SolShellDesktopProbe.java:140: 错误: 方法不会覆盖或实现超类型的方法
    @Override public void start(Stage stage) throws Exception {
    ^
docs\superpowers\verification\evidence\sol-p0-p2\SolShellDesktopProbe.java:145: 错误: 找不到符号
        var shell=new AppShell();
                      ^
  符号:   类 AppShell
  位置: 类 SolShellDesktopProbe
docs\superpowers\verification\evidence\sol-p0-p2\SolShellDesktopProbe.java:146: 错误: 找不到符号
        var manager=(ConnectionManager)field(shell,"connMgr");
                     ^
  符号:   类 ConnectionManager
  位置: 类 SolShellDesktopProbe
docs\superpowers\verification\evidence\sol-p0-p2\SolShellDesktopProbe.java:147: 错误: 找不到符号
        var f=ConnectionManager.class.getDeclaredField("providerResolver"); f.setAccessible(true);
              ^
  符号:   类 ConnectionManager
  位置: 类 SolShellDesktopProbe
docs\superpowers\verification\evidence\sol-p0-p2\SolShellDesktopProbe.java:148: 错误: 找不到符号
        DatabaseProvider mock=provider();
        ^
  符号:   类 DatabaseProvider
  位置: 类 SolShellDesktopProbe
docs\superpowers\verification\evidence\sol-p0-p2\SolShellDesktopProbe.java:149: 错误: 找不到符号
        f.set(manager,(Function<DbType,DatabaseProvider>)type->{
                                ^
  符号:   类 DbType
  位置: 类 SolShellDesktopProbe
docs\superpowers\verification\evidence\sol-p0-p2\SolShellDesktopProbe.java:149: 错误: 找不到符号
        f.set(manager,(Function<DbType,DatabaseProvider>)type->{
                                       ^
  符号:   类 DatabaseProvider
  位置: 类 SolShellDesktopProbe
docs\superpowers\verification\evidence\sol-p0-p2\SolShellDesktopProbe.java:150: 错误: 找不到符号
            if(type!=DbType.POSTGRESQL)throw new AssertionError("Unexpected database type"); return mock;
                     ^
  符号:   变量 DbType
  位置: 类 SolShellDesktopProbe
docs\superpowers\verification\evidence\sol-p0-p2\SolShellDesktopProbe.java:152: 错误: 找不到符号
        ((ConnectionStore)field(shell,"store")).saveAll(List.of(TARGET));
          ^
  符号:   类 ConnectionStore
  位置: 类 SolShellDesktopProbe
docs\superpowers\verification\evidence\sol-p0-p2\SolShellDesktopProbe.java:153: 错误: 找不到符号
        ((ConnectionTreePane)field(shell,"connectionTree")).refresh();
          ^
  符号:   类 ConnectionTreePane
  位置: 类 SolShellDesktopProbe
docs\superpowers\verification\evidence\sol-p0-p2\SolShellDesktopProbe.java:155: 错误: 找不到符号
        Button theme=new Button("切换明暗"); theme.setOnAction(e->shell.getThemeManager().toggle());
        ^
  符号:   类 Button
  位置: 类 SolShellDesktopProbe
docs\superpowers\verification\evidence\sol-p0-p2\SolShellDesktopProbe.java:155: 错误: 找不到符号
        Button theme=new Button("切换明暗"); theme.setOnAction(e->shell.getThemeManager().toggle());
                         ^
  符号:   类 Button
  位置: 类 SolShellDesktopProbe
docs\superpowers\verification\evidence\sol-p0-p2\SolShellDesktopProbe.java:156: 错误: 找不到符号
        VBox host=new VBox(4,new FlowPane(theme),shell.getRoot()); VBox.setVgrow(shell.getRoot(),Priority.ALWAYS);
        ^
  符号:   类 VBox
  位置: 类 SolShellDesktopProbe
docs\superpowers\verification\evidence\sol-p0-p2\SolShellDesktopProbe.java:156: 错误: 找不到符号
        VBox host=new VBox(4,new FlowPane(theme),shell.getRoot()); VBox.setVgrow(shell.getRoot(),Priority.ALWAYS);
                      ^
  符号:   类 VBox
  位置: 类 SolShellDesktopProbe
docs\superpowers\verification\evidence\sol-p0-p2\SolShellDesktopProbe.java:156: 错误: 找不到符号
        VBox host=new VBox(4,new FlowPane(theme),shell.getRoot()); VBox.setVgrow(shell.getRoot(),Priority.ALWAYS);
                                 ^
  符号:   类 FlowPane
  位置: 类 SolShellDesktopProbe
docs\superpowers\verification\evidence\sol-p0-p2\SolShellDesktopProbe.java:156: 错误: 找不到符号
        VBox host=new VBox(4,new FlowPane(theme),shell.getRoot()); VBox.setVgrow(shell.getRoot(),Priority.ALWAYS);
                                                                                                 ^
  符号:   变量 Priority
  位置: 类 SolShellDesktopProbe
docs\superpowers\verification\evidence\sol-p0-p2\SolShellDesktopProbe.java:156: 错误: 找不到符号
        VBox host=new VBox(4,new FlowPane(theme),shell.getRoot()); VBox.setVgrow(shell.getRoot(),Priority.ALWAYS);
                                                                   ^
  符号:   变量 VBox
  位置: 类 SolShellDesktopProbe
docs\superpowers\verification\evidence\sol-p0-p2\SolShellDesktopProbe.java:157: 错误: 找不到符号
        var scene=new Scene(host,1100,720); shell.getThemeManager().register(scene); shell.getThemeManager().installWindowHook();
                      ^
  符号:   类 Scene
  位置: 类 SolShellDesktopProbe
docs\superpowers\verification\evidence\sol-p0-p2\SolShellDesktopProbe.java:158: 错误: 找不到符号
        stage.setTitle("DataCube SOL 字段链路验收"); stage.setScene(scene); BrandLogo.applyIcons(stage);
                                                                      ^
  符号:   变量 BrandLogo
  位置: 类 SolShellDesktopProbe
docs\superpowers\verification\evidence\sol-p0-p2\SolShellDesktopProbe.java:161: 错误: 程序包javafx.scene.input不存在
        scene.addEventFilter(javafx.scene.input.KeyEvent.KEY_PRESSED,e->System.out.println("NATIVE_OR_FX_KEY="+e.getCode()+" shift="+e.isShiftDown()));
                                               ^
docs\superpowers\verification\evidence\sol-p0-p2\SolShellDesktopProbe.java:164: 错误: 找不到符号
            shell.shutdownAsync().whenComplete((outcome,error)->Platform.runLater(()->{
                                                                ^
  符号:   变量 Platform
  位置: 类 SolShellDesktopProbe
docs\superpowers\verification\evidence\sol-p0-p2\SolShellDesktopProbe.java:167: 错误: 找不到符号
                if(outcome!=ShutdownOutcome.COMPLETED){host.setDisable(false);System.out.println("SHUTDOWN_"+outcome);return;}
                            ^
  符号:   变量 ShutdownOutcome
  位置: 类 SolShellDesktopProbe
69 个错误
1 个警告
