STARTUP_ONLY_MOCK_PROVIDER_INJECTED no DriverManager path
OUTPUT_SCALE=1.5
FOCUS=Button:null
FOCUS=TreeView:connection-tree
PROGRAMMATIC_QUERY_PREFILL customer; no submit/fire/result selection
DIALOG_FOCUS=Button:metadata-search-submit
DIALOG_FOCUS=none
DIALOG_FOCUS=Button:metadata-search-cancel-read
SEARCH schema=demo term=customer columnComment=false
COUNTERS mockOpens=2 mockCloses=1 searches=1 pages=0 ddls=0 writeAttempts=0 executionAttempts=0
DIALOG_FOCUS=none
DIALOG_FOCUS=ListView:metadata-search-results
DIALOG_FOCUS=Button:metadata-search-data
COUNTERS mockOpens=2 mockCloses=1 searches=1 pages=1 ddls=0 writeAttempts=0 executionAttempts=0
PROGRAMMATIC_QUERY_PREFILL customer; no submit/fire/result selection
DIALOG_FOCUS=Button:metadata-search-submit
SEARCH schema=demo term=customer columnComment=false
COUNTERS mockOpens=3 mockCloses=2 searches=2 pages=1 ddls=0 writeAttempts=0 executionAttempts=0
DIALOG_FOCUS=none
DIALOG_FOCUS=Button:metadata-search-cancel-read
DIALOG_FOCUS=none
DIALOG_FOCUS=ListView:metadata-search-results
DIALOG_FOCUS=Button:metadata-search-ddl
COUNTERS mockOpens=3 mockCloses=2 searches=2 pages=1 ddls=1 writeAttempts=0 executionAttempts=0
FOCUS=Button:ddl-find
FOCUS=TextField:sql-find-query
NATIVE_OR_FX_KEY=CONTROL shift=false
NATIVE_OR_FX_KEY=V shift=false
NATIVE_OR_FX_KEY=ENTER shift=false
NATIVE_OR_FX_KEY=TAB shift=false
FOCUS=CheckBox:sql-find-match-case
NATIVE_OR_FX_KEY=SHIFT shift=true
NATIVE_OR_FX_KEY=TAB shift=true
FOCUS=TextField:sql-find-query
NATIVE_OR_FX_KEY=ESCAPE shift=false
FOCUS=CodeArea:ddl-text
COUNTERS mockOpens=3 mockCloses=3 searches=2 pages=1 ddls=1 writeAttempts=0 executionAttempts=0
COUNTERS mockOpens=3 mockCloses=3 searches=2 pages=1 ddls=1 writeAttempts=0 executionAttempts=0
SHUTDOWN_COMPLETED
