READY outputScale=1.5 opens=1 closes=0 writes=0 commits=0 rollbacks=0
FOCUS=Button:null
PROGRAMMATIC_TWO_ROW_DRAFTS no save/fire opens=1 closes=0 writes=0 commits=0 rollbacks=0
FOCUS=Button:null
FOCUS=none
FOCUS=TableView:null
FOCUS=Button:null
FOCUS=none
FOCUS=TableView:null
MOCK_WRITE_ENTERED opens=2 closes=0 writes=1 commits=0 rollbacks=0
INTERACTIVE_CLOSE outcome=REJECTED opens=2 closes=0 writes=1 commits=0 rollbacks=0
FOCUS=Button:null
FOCUS=none
FOCUS=TableView:null
FOCUS=Button:null
NATIVE_FIXTURE_RELEASE opens=2 closes=0 writes=1 commits=0 rollbacks=0
MOCK_WRITE_RELEASED opens=2 closes=0 writes=1 commits=0 rollbacks=0
FOCUS=Button:null
FOCUS=none
FOCUS=TableView:null
MOCK_WRITE_ENTERED opens=3 closes=1 writes=2 commits=1 rollbacks=0
MOCK_WRITE_RELEASED opens=3 closes=1 writes=2 commits=1 rollbacks=0
INTERACTIVE_CLOSE outcome=APPROVED opens=3 closes=2 writes=2 commits=2 rollbacks=0
SHUTDOWN_COMPLETED opens=3 closes=3 writes=2 commits=2 rollbacks=0
