To honour the JVM settings for this build a single-use Daemon process will be forked. For more on this, please refer to https://docs.gradle.org/9.2.0/userguide/gradle_daemon.html#sec:disabling_the_daemon in the Gradle documentation.
Daemon will be stopped at the end of the build 
> Task :buildSrc:compileJava UP-TO-DATE
> Task :buildSrc:compileGroovy NO-SOURCE
> Task :buildSrc:processResources NO-SOURCE
> Task :buildSrc:classes UP-TO-DATE
> Task :buildSrc:jar UP-TO-DATE
> Task :cleanTest
> Task :compileJava
> Task :generateBrandIcons UP-TO-DATE
> Task :generateVersionProperties UP-TO-DATE
> Task :processResources UP-TO-DATE
> Task :classes
> Task :compileTestJava
> Task :processTestResources NO-SOURCE
> Task :testClasses

> Task :test

PgDumpRunnerBaselineRedTest > totalDeadlineMustIncludeSilentOrUnbrokenOutputDrain(String) > [1] hang FAILED
    org.opentest4j.AssertionFailedError: Unexpected exception type thrown, expected: <java.util.concurrent.ExecutionException> but was: <java.util.concurrent.TimeoutException>
        at app//org.junit.jupiter.api.AssertionFailureBuilder.build(AssertionFailureBuilder.java:151)
        at app//org.junit.jupiter.api.AssertThrows.assertThrows(AssertThrows.java:67)
        at app//org.junit.jupiter.api.AssertThrows.assertThrows(AssertThrows.java:35)
        at app//org.junit.jupiter.api.Assertions.assertThrows(Assertions.java:3128)
        at app//com.datacube.export.PgDumpRunnerBaselineRedTest.totalDeadlineMustIncludeSilentOrUnbrokenOutputDrain(PgDumpRunnerBaselineRedTest.java:44)

        Caused by:
        java.util.concurrent.TimeoutException
            at java.base/java.util.concurrent.FutureTask.get(FutureTask.java:206)
            at com.datacube.export.PgDumpRunnerBaselineRedTest.lambda$totalDeadlineMustIncludeSilentOrUnbrokenOutputDrain$2(PgDumpRunnerBaselineRedTest.java:44)
            at org.junit.jupiter.api.AssertThrows.assertThrows(AssertThrows.java:53)
            ... 3 more

PgDumpRunnerBaselineRedTest > totalDeadlineMustIncludeSilentOrUnbrokenOutputDrain(String) > [2] flood FAILED
    org.opentest4j.AssertionFailedError: Unexpected exception type thrown, expected: <java.util.concurrent.ExecutionException> but was: <java.util.concurrent.TimeoutException>
        at app//org.junit.jupiter.api.AssertionFailureBuilder.build(AssertionFailureBuilder.java:151)
        at app//org.junit.jupiter.api.AssertThrows.assertThrows(AssertThrows.java:67)
        at app//org.junit.jupiter.api.AssertThrows.assertThrows(AssertThrows.java:35)
        at app//org.junit.jupiter.api.Assertions.assertThrows(Assertions.java:3128)
        at app//com.datacube.export.PgDumpRunnerBaselineRedTest.totalDeadlineMustIncludeSilentOrUnbrokenOutputDrain(PgDumpRunnerBaselineRedTest.java:44)

        Caused by:
        java.util.concurrent.TimeoutException
            at java.base/java.util.concurrent.FutureTask.get(FutureTask.java:206)
            at com.datacube.export.PgDumpRunnerBaselineRedTest.lambda$totalDeadlineMustIncludeSilentOrUnbrokenOutputDrain$2(PgDumpRunnerBaselineRedTest.java:44)
            at org.junit.jupiter.api.AssertThrows.assertThrows(AssertThrows.java:53)
            ... 3 more

PgDumpRunnerBaselineRedTest > argvAndEnvironmentMustBindLiteralDatabaseAndExcludeInheritedJvmSettings() FAILED
    org.opentest4j.AssertionFailedError: expected: <true> but was: <false>
        at app//org.junit.jupiter.api.AssertionFailureBuilder.build(AssertionFailureBuilder.java:151)
        at app//org.junit.jupiter.api.AssertionFailureBuilder.buildAndThrow(AssertionFailureBuilder.java:132)
        at app//org.junit.jupiter.api.AssertTrue.failNotTrue(AssertTrue.java:63)
        at app//org.junit.jupiter.api.AssertTrue.assertTrue(AssertTrue.java:36)
        at app//org.junit.jupiter.api.AssertTrue.assertTrue(AssertTrue.java:31)
        at app//org.junit.jupiter.api.Assertions.assertTrue(Assertions.java:183)
        at app//com.datacube.export.PgDumpRunnerBaselineRedTest.argvAndEnvironmentMustBindLiteralDatabaseAndExcludeInheritedJvmSettings(PgDumpRunnerBaselineRedTest.java:64)

PgDumpRunnerBaselineRedTest > nonzeroOutputContentMustNeverBecomeReportedExceptionText() FAILED
    org.opentest4j.AssertionFailedError: expected: <false> but was: <true>
        at app//org.junit.jupiter.api.AssertionFailureBuilder.build(AssertionFailureBuilder.java:151)
        at app//org.junit.jupiter.api.AssertionFailureBuilder.buildAndThrow(AssertionFailureBuilder.java:132)
        at app//org.junit.jupiter.api.AssertFalse.failNotFalse(AssertFalse.java:63)
        at app//org.junit.jupiter.api.AssertFalse.assertFalse(AssertFalse.java:36)
        at app//org.junit.jupiter.api.AssertFalse.assertFalse(AssertFalse.java:31)
        at app//org.junit.jupiter.api.Assertions.assertFalse(Assertions.java:231)
        at app//com.datacube.export.PgDumpRunnerBaselineRedTest.nonzeroOutputContentMustNeverBecomeReportedExceptionText(PgDumpRunnerBaselineRedTest.java:72)

> Task :test FAILED
9 actionable tasks: 4 executed, 5 up-to-date
