Picked up JAVA_TOOL_OPTIONS: "-Duser.home=C:\Users\hetia\AppData\Local\Temp\datacube-favorites-main-ca0a0b993c444af8846f2a2154d9824f/profile" "-Djava.io.tmpdir=C:\Users\hetia\AppData\Local\Temp\DAB80B~1\temp" -Djava.awt.headless=false
To honour the JVM settings for this build a single-use Daemon process will be forked. For more on this, please refer to https://docs.gradle.org/9.2.0/userguide/gradle_daemon.html#sec:disabling_the_daemon in the Gradle documentation.
Daemon will be stopped at the end of the build 
> Task :buildSrc:compileJava UP-TO-DATE
> Task :buildSrc:compileGroovy NO-SOURCE
> Task :buildSrc:processResources NO-SOURCE
> Task :buildSrc:classes UP-TO-DATE
> Task :buildSrc:jar UP-TO-DATE
> Task :compileJava
> Task :generateBrandIcons UP-TO-DATE
> Task :generateVersionProperties UP-TO-DATE
> Task :processResources UP-TO-DATE
> Task :classes
> Task :compileTestJava UP-TO-DATE
> Task :processTestResources NO-SOURCE
> Task :testClasses UP-TO-DATE

> Task :test
Picked up JAVA_TOOL_OPTIONS: "-Duser.home=C:\Users\hetia\AppData\Local\Temp\datacube-favorites-main-ca0a0b993c444af8846f2a2154d9824f/profile" "-Djava.io.tmpdir=C:\Users\hetia\AppData\Local\Temp\DAB80B~1\temp" -Djava.awt.headless=false

BUILD SUCCESSFUL in 10s
8 actionable tasks: 2 executed, 6 up-to-date
Consider enabling configuration cache to speed up this build: https://docs.gradle.org/9.2.0/userguide/configuration_cache_enabling.html
