docs/superpowers/verification/evidence/schema-diff-stability/file-bytes.json:1: trailing whitespace.
+[
docs/superpowers/verification/evidence/schema-diff-stability/file-bytes.json:2: trailing whitespace.
+  {
docs/superpowers/verification/evidence/schema-diff-stability/file-bytes.json:3: trailing whitespace.
+    "path": "docs/superpowers/verification/2026-10-02-schema-diff-stability.md",
docs/superpowers/verification/evidence/schema-diff-stability/file-bytes.json:4: trailing whitespace.
+    "bytes": 6168,
docs/superpowers/verification/evidence/schema-diff-stability/file-bytes.json:5: trailing whitespace.
+    "sha256": "2B0D427C2E36E3F896E464BED7D9FF45B1B701AAF73E88B0B203227523B16262",
docs/superpowers/verification/evidence/schema-diff-stability/file-bytes.json:6: trailing whitespace.
+    "rawGitObject": "27c1475006cb06433c6fd1056067499f84822fdc",
docs/superpowers/verification/evidence/schema-diff-stability/file-bytes.json:7: trailing whitespace.
+    "filteredGitObject": "27c1475006cb06433c6fd1056067499f84822fdc"
docs/superpowers/verification/evidence/schema-diff-stability/file-bytes.json:8: trailing whitespace.
+  },
docs/superpowers/verification/evidence/schema-diff-stability/file-bytes.json:9: trailing whitespace.
+  {
docs/superpowers/verification/evidence/schema-diff-stability/file-bytes.json:10: trailing whitespace.
+    "path": "docs/superpowers/verification/evidence/schema-diff-stability/green-first/raw.log",
docs/superpowers/verification/evidence/schema-diff-stability/file-bytes.json:11: trailing whitespace.
+    "bytes": 1213,
docs/superpowers/verification/evidence/schema-diff-stability/file-bytes.json:12: trailing whitespace.
+    "sha256": "6F08DC13780D4605CE478889DBEE7758E1A0868579E40F85D8AA87CD28FFEE45",
docs/superpowers/verification/evidence/schema-diff-stability/file-bytes.json:13: trailing whitespace.
+    "rawGitObject": "ab4f2f8b7a10a711cf76b8e724417d8782263661",
docs/superpowers/verification/evidence/schema-diff-stability/file-bytes.json:14: trailing whitespace.
+    "filteredGitObject": "5f04bd985422b18ea4408e5ca06f63d27fc79e96"
docs/superpowers/verification/evidence/schema-diff-stability/file-bytes.json:15: trailing whitespace.
+  },
docs/superpowers/verification/evidence/schema-diff-stability/file-bytes.json:16: trailing whitespace.
+  {
docs/superpowers/verification/evidence/schema-diff-stability/file-bytes.json:17: trailing whitespace.
+    "path": "docs/superpowers/verification/evidence/schema-diff-stability/red-first/raw.log",
docs/superpowers/verification/evidence/schema-diff-stability/file-bytes.json:18: trailing whitespace.
+    "bytes": 3448,
docs/superpowers/verification/evidence/schema-diff-stability/file-bytes.json:19: trailing whitespace.
+    "sha256": "C3F3F432EFE810ED0037250C158C1E41E4B027BEE0168BCE4720099E60BF9CEC",
docs/superpowers/verification/evidence/schema-diff-stability/file-bytes.json:20: trailing whitespace.
+    "rawGitObject": "1fa7eebcc5e8e957c810c5c08cefbc98dea8723c",
docs/superpowers/verification/evidence/schema-diff-stability/file-bytes.json:21: trailing whitespace.
+    "filteredGitObject": "1fa7eebcc5e8e957c810c5c08cefbc98dea8723c"
docs/superpowers/verification/evidence/schema-diff-stability/file-bytes.json:22: trailing whitespace.
+  },
docs/superpowers/verification/evidence/schema-diff-stability/file-bytes.json:23: trailing whitespace.
+  {
docs/superpowers/verification/evidence/schema-diff-stability/file-bytes.json:24: trailing whitespace.
+    "path": "docs/superpowers/verification/evidence/schema-diff-stability/two-add-safe.log",
docs/superpowers/verification/evidence/schema-diff-stability/file-bytes.json:25: trailing whitespace.
+    "bytes": 90,
docs/superpowers/verification/evidence/schema-diff-stability/file-bytes.json:26: trailing whitespace.
+    "sha256": "36DDD74E3675620F4C1A078BE545C9D1077D2C53F03A5FD20848F7B4442D9BFD",
docs/superpowers/verification/evidence/schema-diff-stability/file-bytes.json:27: trailing whitespace.
+    "rawGitObject": "47422dc7f662f51e566a50f377a7e42247302e33",
docs/superpowers/verification/evidence/schema-diff-stability/file-bytes.json:28: trailing whitespace.
+    "filteredGitObject": "1d1cfce617dab9c31d99ba4972eace3efccc70ba"
docs/superpowers/verification/evidence/schema-diff-stability/file-bytes.json:29: trailing whitespace.
+  },
docs/superpowers/verification/evidence/schema-diff-stability/file-bytes.json:30: trailing whitespace.
+  {
docs/superpowers/verification/evidence/schema-diff-stability/file-bytes.json:31: trailing whitespace.
+    "path": "docs/superpowers/verification/evidence/schema-diff-stability/two-add-unsafe.log",
docs/superpowers/verification/evidence/schema-diff-stability/file-bytes.json:32: trailing whitespace.
+    "bytes": 656,
docs/superpowers/verification/evidence/schema-diff-stability/file-bytes.json:33: trailing whitespace.
+    "sha256": "A7D4DF0D4B0ED430A469E03A290C1354E8646692EDC66A287AEFFC3F679C26B9",
docs/superpowers/verification/evidence/schema-diff-stability/file-bytes.json:34: trailing whitespace.
+    "rawGitObject": "6d28b53af7a1a2e2c97745be351e572e32819124",
docs/superpowers/verification/evidence/schema-diff-stability/file-bytes.json:35: trailing whitespace.
+    "filteredGitObject": "dc11b6888244a0d2322c68bfd2af276f52258a71"
docs/superpowers/verification/evidence/schema-diff-stability/file-bytes.json:36: trailing whitespace.
+  },
docs/superpowers/verification/evidence/schema-diff-stability/file-bytes.json:37: trailing whitespace.
+  {
docs/superpowers/verification/evidence/schema-diff-stability/file-bytes.json:38: trailing whitespace.
+    "path": "docs/superpowers/verification/evidence/schema-diff-stability/green-first/parameters.json",
docs/superpowers/verification/evidence/schema-diff-stability/file-bytes.json:39: trailing whitespace.
+    "bytes": 739,
docs/superpowers/verification/evidence/schema-diff-stability/file-bytes.json:40: trailing whitespace.
+    "sha256": "28C81A9F7EC3B67E367529168D17302E920BC853A0656C56C85B0A534A41E655",
docs/superpowers/verification/evidence/schema-diff-stability/file-bytes.json:41: trailing whitespace.
+    "rawGitObject": "7b752304bf91ea5b820d13158110013c49cc8564",
docs/superpowers/verification/evidence/schema-diff-stability/file-bytes.json:42: trailing whitespace.
+    "filteredGitObject": "8ca850a870ac1db2706164700aef2e89c185834e"
docs/superpowers/verification/evidence/schema-diff-stability/file-bytes.json:43: trailing whitespace.
+  },
docs/superpowers/verification/evidence/schema-diff-stability/file-bytes.json:44: trailing whitespace.
+  {
docs/superpowers/verification/evidence/schema-diff-stability/file-bytes.json:45: trailing whitespace.
+    "path": "docs/superpowers/verification/evidence/schema-diff-stability/green-first/result.json",
docs/superpowers/verification/evidence/schema-diff-stability/file-bytes.json:46: trailing whitespace.
+    "bytes": 66,
docs/superpowers/verification/evidence/schema-diff-stability/file-bytes.json:47: trailing whitespace.
+    "sha256": "A71487D148EB00DA6AF450D7128E598036227A0A50990C043440D46A560E326B",
docs/superpowers/verification/evidence/schema-diff-stability/file-bytes.json:48: trailing whitespace.
+    "rawGitObject": "995ee3c90d1a4e04151d20ba9878398b99f677e6",
docs/superpowers/verification/evidence/schema-diff-stability/file-bytes.json:49: trailing whitespace.
+    "filteredGitObject": "3b238295a7ae831ef4f2ba5169253e48a676d223"
docs/superpowers/verification/evidence/schema-diff-stability/file-bytes.json:50: trailing whitespace.
+  },
docs/superpowers/verification/evidence/schema-diff-stability/file-bytes.json:51: trailing whitespace.
+  {
docs/superpowers/verification/evidence/schema-diff-stability/file-bytes.json:52: trailing whitespace.
+    "path": "docs/superpowers/verification/evidence/schema-diff-stability/green-first/TEST-com.datacube.service.SchemaDiffConcurrencyTest.xml",
docs/superpowers/verification/evidence/schema-diff-stability/file-bytes.json:53: trailing whitespace.
+    "bytes": 1154,
docs/superpowers/verification/evidence/schema-diff-stability/file-bytes.json:54: trailing whitespace.
+    "sha256": "3910CE10ACA8960F1C94249C06F018EF1403DDDFEBEC87A55A11C15C25FEACCD",
docs/superpowers/verification/evidence/schema-diff-stability/file-bytes.json:55: trailing whitespace.
+    "rawGitObject": "98b873b35d08bfafc6521ea09f7cae8d8de6ecc6",
docs/superpowers/verification/evidence/schema-diff-stability/file-bytes.json:56: trailing whitespace.
+    "filteredGitObject": "985bf8472f5456ed1f6776118a9b59a683a0566c"
docs/superpowers/verification/evidence/schema-diff-stability/file-bytes.json:57: trailing whitespace.
+  },
docs/superpowers/verification/evidence/schema-diff-stability/file-bytes.json:58: trailing whitespace.
+  {
docs/superpowers/verification/evidence/schema-diff-stability/file-bytes.json:59: trailing whitespace.
+    "path": "docs/superpowers/verification/evidence/schema-diff-stability/green-first/TEST-com.datacube.service.SchemaDiffServiceTest.xml",
docs/superpowers/verification/evidence/schema-diff-stability/file-bytes.json:60: trailing whitespace.
+    "bytes": 1050,
docs/superpowers/verification/evidence/schema-diff-stability/file-bytes.json:61: trailing whitespace.
+    "sha256": "8C538FE70585553A8ED6899E6DC4B944B0072888F0164A6315673C27F86F0DD8",
docs/superpowers/verification/evidence/schema-diff-stability/file-bytes.json:62: trailing whitespace.
+    "rawGitObject": "70875fba824d81338c152d36089267c182c127fa",
docs/superpowers/verification/evidence/schema-diff-stability/file-bytes.json:63: trailing whitespace.
+    "filteredGitObject": "6bb79a9a11a011385b35bda06d2ca3e6984ac026"
docs/superpowers/verification/evidence/schema-diff-stability/file-bytes.json:64: trailing whitespace.
+  },
docs/superpowers/verification/evidence/schema-diff-stability/file-bytes.json:65: trailing whitespace.
+  {
docs/superpowers/verification/evidence/schema-diff-stability/file-bytes.json:66: trailing whitespace.
+    "path": "docs/superpowers/verification/evidence/schema-diff-stability/red-first/parameters.json",
docs/superpowers/verification/evidence/schema-diff-stability/file-bytes.json:67: trailing whitespace.
+    "bytes": 739,
docs/superpowers/verification/evidence/schema-diff-stability/file-bytes.json:68: trailing whitespace.
+    "sha256": "BE3822DC9AC5DE5690B7B147E982CC0B90003B5D08557CD660C1F1835073D6E5",
docs/superpowers/verification/evidence/schema-diff-stability/file-bytes.json:69: trailing whitespace.
+    "rawGitObject": "5628cef7b7b8e6672da61d81533b858203720c21",
docs/superpowers/verification/evidence/schema-diff-stability/file-bytes.json:70: trailing whitespace.
+    "filteredGitObject": "1412fcdbeb7813bf8130344e775abd28f10bea02"
docs/superpowers/verification/evidence/schema-diff-stability/file-bytes.json:71: trailing whitespace.
+  },
docs/superpowers/verification/evidence/schema-diff-stability/file-bytes.json:72: trailing whitespace.
+  {
docs/superpowers/verification/evidence/schema-diff-stability/file-bytes.json:73: trailing whitespace.
+    "path": "docs/superpowers/verification/evidence/schema-diff-stability/red-first/result.json",
docs/superpowers/verification/evidence/schema-diff-stability/file-bytes.json:74: trailing whitespace.
+    "bytes": 66,
docs/superpowers/verification/evidence/schema-diff-stability/file-bytes.json:75: trailing whitespace.
+    "sha256": "178B6339548319BE2AB9819A6B6570EF8D79F9E2AA8DA2411B135DFAEF8D9487",
docs/superpowers/verification/evidence/schema-diff-stability/file-bytes.json:76: trailing whitespace.
+    "rawGitObject": "17f18463a2972a4447aa7168ce19eddc199926b5",
docs/superpowers/verification/evidence/schema-diff-stability/file-bytes.json:77: trailing whitespace.
+    "filteredGitObject": "a43ceeeff8529f133e6c15a212020e0f64008d19"
docs/superpowers/verification/evidence/schema-diff-stability/file-bytes.json:78: trailing whitespace.
+  },
docs/superpowers/verification/evidence/schema-diff-stability/file-bytes.json:79: trailing whitespace.
+  {
docs/superpowers/verification/evidence/schema-diff-stability/file-bytes.json:80: trailing whitespace.
+    "path": "docs/superpowers/verification/evidence/schema-diff-stability/red-first/TEST-com.datacube.service.SchemaDiffConcurrencyTest.xml",
docs/superpowers/verification/evidence/schema-diff-stability/file-bytes.json:81: trailing whitespace.
+    "bytes": 1153,
docs/superpowers/verification/evidence/schema-diff-stability/file-bytes.json:82: trailing whitespace.
+    "sha256": "AFBD0545886AA42CE440F5E64D36CA272E1747D04D7AE283AB090E55D176E0E2",
docs/superpowers/verification/evidence/schema-diff-stability/file-bytes.json:83: trailing whitespace.
+    "rawGitObject": "d0eeea3a67d5593294844793c9e8c92224db0b79",
docs/superpowers/verification/evidence/schema-diff-stability/file-bytes.json:84: trailing whitespace.
+    "filteredGitObject": "8d2f77577a0adc46a0592f92c300d08e54c0d8c7"
docs/superpowers/verification/evidence/schema-diff-stability/file-bytes.json:85: trailing whitespace.
+  },
docs/superpowers/verification/evidence/schema-diff-stability/file-bytes.json:86: trailing whitespace.
+  {
docs/superpowers/verification/evidence/schema-diff-stability/file-bytes.json:87: trailing whitespace.
+    "path": "docs/superpowers/verification/evidence/schema-diff-stability/red-first/TEST-com.datacube.service.SchemaDiffServiceTest.xml",
docs/superpowers/verification/evidence/schema-diff-stability/file-bytes.json:88: trailing whitespace.
+    "bytes": 3799,
docs/superpowers/verification/evidence/schema-diff-stability/file-bytes.json:89: trailing whitespace.
+    "sha256": "DD5EFF3CD30D56267D26172EBF0A92AACDF7612951E50ECBBBE6C59A0D331F9B",
docs/superpowers/verification/evidence/schema-diff-stability/file-bytes.json:90: trailing whitespace.
+    "rawGitObject": "717e8811727f2b962d8125c0810b556299b0eff2",
docs/superpowers/verification/evidence/schema-diff-stability/file-bytes.json:91: trailing whitespace.
+    "filteredGitObject": "f3747c5959246f9a223356d971aab468997f99f9"
docs/superpowers/verification/evidence/schema-diff-stability/file-bytes.json:92: trailing whitespace.
+  },
docs/superpowers/verification/evidence/schema-diff-stability/file-bytes.json:93: trailing whitespace.
+  {
docs/superpowers/verification/evidence/schema-diff-stability/file-bytes.json:94: trailing whitespace.
+    "path": "docs/superpowers/verification/evidence/schema-diff-stability/Run-Targeted.ps1",
docs/superpowers/verification/evidence/schema-diff-stability/file-bytes.json:95: trailing whitespace.
+    "bytes": 2080,
docs/superpowers/verification/evidence/schema-diff-stability/file-bytes.json:96: trailing whitespace.
+    "sha256": "257E4615CFE399ACA7BD825BB2DEC01C2FE908B8EB70381A4CAB1EDAFE597CFE",
docs/superpowers/verification/evidence/schema-diff-stability/file-bytes.json:97: trailing whitespace.
+    "rawGitObject": "fdc5525cf580a18b1b9635a6d985119da4fd8373",
docs/superpowers/verification/evidence/schema-diff-stability/file-bytes.json:98: trailing whitespace.
+    "filteredGitObject": "fdc5525cf580a18b1b9635a6d985119da4fd8373"
docs/superpowers/verification/evidence/schema-diff-stability/file-bytes.json:99: trailing whitespace.
+  },
docs/superpowers/verification/evidence/schema-diff-stability/file-bytes.json:100: trailing whitespace.
+  {
docs/superpowers/verification/evidence/schema-diff-stability/file-bytes.json:101: trailing whitespace.
+    "path": "docs/superpowers/verification/evidence/schema-diff-stability/two-add-safe.exit.txt",
docs/superpowers/verification/evidence/schema-diff-stability/file-bytes.json:102: trailing whitespace.
+    "bytes": 3,
docs/superpowers/verification/evidence/schema-diff-stability/file-bytes.json:103: trailing whitespace.
+    "sha256": "13BF7B3039C63BF5A50491FA3CFD8EB4E699D1BA1436315AEF9CBE5711530354",
docs/superpowers/verification/evidence/schema-diff-stability/file-bytes.json:104: trailing whitespace.
+    "rawGitObject": "18748286e5b8b4de5db905f87cdfed1a7d48fe60",
docs/superpowers/verification/evidence/schema-diff-stability/file-bytes.json:105: trailing whitespace.
+    "filteredGitObject": "573541ac9702dd3969c9bc859d2b91ec1f7e6e56"
docs/superpowers/verification/evidence/schema-diff-stability/file-bytes.json:106: trailing whitespace.
+  },
docs/superpowers/verification/evidence/schema-diff-stability/file-bytes.json:107: trailing whitespace.
+  {
docs/superpowers/verification/evidence/schema-diff-stability/file-bytes.json:108: trailing whitespace.
+    "path": "docs/superpowers/verification/evidence/schema-diff-stability/two-add-unsafe.exit.txt",
docs/superpowers/verification/evidence/schema-diff-stability/file-bytes.json:109: trailing whitespace.
+    "bytes": 3,
docs/superpowers/verification/evidence/schema-diff-stability/file-bytes.json:110: trailing whitespace.
+    "sha256": "F1B2F662800122BED0FF255693DF89C4487FBDCF453D3524A42D4EC20C3D9C04",
docs/superpowers/verification/evidence/schema-diff-stability/file-bytes.json:111: trailing whitespace.
+    "rawGitObject": "f33dfa25aa16a97ca941fe1d9cabdc3689179f3f",
docs/superpowers/verification/evidence/schema-diff-stability/file-bytes.json:112: trailing whitespace.
+    "filteredGitObject": "d00491fd7e5bb6fa28c517a0bb32b8b506539d4d"
docs/superpowers/verification/evidence/schema-diff-stability/file-bytes.json:113: trailing whitespace.
+  },
docs/superpowers/verification/evidence/schema-diff-stability/file-bytes.json:114: trailing whitespace.
+  {
docs/superpowers/verification/evidence/schema-diff-stability/file-bytes.json:115: trailing whitespace.
+    "path": "docs/superpowers/verification/evidence/schema-diff-stability/TwoAddProbe.java",
docs/superpowers/verification/evidence/schema-diff-stability/file-bytes.json:116: trailing whitespace.
+    "bytes": 2308,
docs/superpowers/verification/evidence/schema-diff-stability/file-bytes.json:117: trailing whitespace.
+    "sha256": "ED4B9D98E3B4B204585BEEC9333A7406FD16A6D9422F834869F78E9750F39BBE",
docs/superpowers/verification/evidence/schema-diff-stability/file-bytes.json:118: trailing whitespace.
+    "rawGitObject": "3594261e147b16ced7cfe21010e2eca427e68876",
docs/superpowers/verification/evidence/schema-diff-stability/file-bytes.json:119: trailing whitespace.
+    "filteredGitObject": "3594261e147b16ced7cfe21010e2eca427e68876"
docs/superpowers/verification/evidence/schema-diff-stability/file-bytes.json:120: trailing whitespace.
+  },
docs/superpowers/verification/evidence/schema-diff-stability/file-bytes.json:121: trailing whitespace.
+  {
docs/superpowers/verification/evidence/schema-diff-stability/file-bytes.json:122: trailing whitespace.
+    "path": "test/com/datacube/service/SchemaDiffServiceTest.java",
docs/superpowers/verification/evidence/schema-diff-stability/file-bytes.json:123: trailing whitespace.
+    "bytes": 15113,
docs/superpowers/verification/evidence/schema-diff-stability/file-bytes.json:124: trailing whitespace.
+    "sha256": "FBB5A4D9DE493741E18123F881F8E5F2C77E45B24AFEA86CD84CBD721E68263C",
docs/superpowers/verification/evidence/schema-diff-stability/file-bytes.json:125: trailing whitespace.
+    "rawGitObject": "eeefda00a2094ab7dd1ac648c90b8a0e8052a794",
docs/superpowers/verification/evidence/schema-diff-stability/file-bytes.json:126: trailing whitespace.
+    "filteredGitObject": "6c880e951ff7052670e76eb79f7626386f61c4f1"
docs/superpowers/verification/evidence/schema-diff-stability/file-bytes.json:127: trailing whitespace.
+  }
docs/superpowers/verification/evidence/schema-diff-stability/file-bytes.json:128: trailing whitespace.
+]
docs/superpowers/verification/evidence/schema-diff-stability/green-first/parameters.json:1: trailing whitespace.
+{
docs/superpowers/verification/evidence/schema-diff-stability/green-first/parameters.json:2: trailing whitespace.
+  "started": "2026-10-02T01:59:38.9244668Z",
docs/superpowers/verification/evidence/schema-diff-stability/green-first/parameters.json:3: trailing whitespace.
+  "profile": "C:\\Users\\hetia\\AppData\\Local\\Temp\\datacube-schema-stability-aed024dd-a576-406e-8b56-827b8d0b802c",
docs/superpowers/verification/evidence/schema-diff-stability/green-first/parameters.json:4: trailing whitespace.
+  "javaHome": "D:/jvms_v2.1.6_amd64/store/jdk-25.0.1+8",
docs/superpowers/verification/evidence/schema-diff-stability/green-first/parameters.json:5: trailing whitespace.
+  "arguments": [
docs/superpowers/verification/evidence/schema-diff-stability/green-first/parameters.json:6: trailing whitespace.
+    "--offline",
docs/superpowers/verification/evidence/schema-diff-stability/green-first/parameters.json:7: trailing whitespace.
+    "--no-daemon",
docs/superpowers/verification/evidence/schema-diff-stability/green-first/parameters.json:8: trailing whitespace.
+    "--max-workers=1",
docs/superpowers/verification/evidence/schema-diff-stability/green-first/parameters.json:9: trailing whitespace.
+    "--rerun-tasks",
docs/superpowers/verification/evidence/schema-diff-stability/green-first/parameters.json:10: trailing whitespace.
+    "--console=plain",
docs/superpowers/verification/evidence/schema-diff-stability/green-first/parameters.json:11: trailing whitespace.
+    "-Ddatacube.acceptance.root=C:\\Users\\hetia\\AppData\\Local\\Temp\\datacube-schema-stability-aed024dd-a576-406e-8b56-827b8d0b802c",
docs/superpowers/verification/evidence/schema-diff-stability/green-first/parameters.json:12: trailing whitespace.
+    "-I",
docs/superpowers/verification/evidence/schema-diff-stability/green-first/parameters.json:13: trailing whitespace.
+    "docs/superpowers/verification/evidence/sol-p0-p2/isolation.init.gradle",
docs/superpowers/verification/evidence/schema-diff-stability/green-first/parameters.json:14: trailing whitespace.
+    "test",
docs/superpowers/verification/evidence/schema-diff-stability/green-first/parameters.json:15: trailing whitespace.
+    "--tests",
docs/superpowers/verification/evidence/schema-diff-stability/green-first/parameters.json:16: trailing whitespace.
+    "com.datacube.service.SchemaDiffServiceTest",
docs/superpowers/verification/evidence/schema-diff-stability/green-first/parameters.json:17: trailing whitespace.
+    "--tests",
docs/superpowers/verification/evidence/schema-diff-stability/green-first/parameters.json:18: trailing whitespace.
+    "com.datacube.service.SchemaDiffConcurrencyTest"
docs/superpowers/verification/evidence/schema-diff-stability/green-first/parameters.json:19: trailing whitespace.
+  ]
docs/superpowers/verification/evidence/schema-diff-stability/green-first/parameters.json:20: trailing whitespace.
+}
docs/superpowers/verification/evidence/schema-diff-stability/green-first/result.json:1: trailing whitespace.
+{
docs/superpowers/verification/evidence/schema-diff-stability/green-first/result.json:2: trailing whitespace.
+  "exit": 0,
docs/superpowers/verification/evidence/schema-diff-stability/green-first/result.json:3: trailing whitespace.
+  "finished": "2026-10-02T01:59:58.9303695Z"
docs/superpowers/verification/evidence/schema-diff-stability/green-first/result.json:4: trailing whitespace.
+}
docs/superpowers/verification/evidence/schema-diff-stability/red-first/parameters.json:1: trailing whitespace.
+{
docs/superpowers/verification/evidence/schema-diff-stability/red-first/parameters.json:2: trailing whitespace.
+  "started": "2026-10-02T01:57:44.4611062Z",
docs/superpowers/verification/evidence/schema-diff-stability/red-first/parameters.json:3: trailing whitespace.
+  "arguments": [
docs/superpowers/verification/evidence/schema-diff-stability/red-first/parameters.json:4: trailing whitespace.
+    "--offline",
docs/superpowers/verification/evidence/schema-diff-stability/red-first/parameters.json:5: trailing whitespace.
+    "--no-daemon",
docs/superpowers/verification/evidence/schema-diff-stability/red-first/parameters.json:6: trailing whitespace.
+    "--max-workers=1",
docs/superpowers/verification/evidence/schema-diff-stability/red-first/parameters.json:7: trailing whitespace.
+    "--rerun-tasks",
docs/superpowers/verification/evidence/schema-diff-stability/red-first/parameters.json:8: trailing whitespace.
+    "--console=plain",
docs/superpowers/verification/evidence/schema-diff-stability/red-first/parameters.json:9: trailing whitespace.
+    "-Ddatacube.acceptance.root=C:\\Users\\hetia\\AppData\\Local\\Temp\\datacube-schema-stability-3eb43711-b342-4c86-a1ed-d4ecf4c7a1be",
docs/superpowers/verification/evidence/schema-diff-stability/red-first/parameters.json:10: trailing whitespace.
+    "-I",
docs/superpowers/verification/evidence/schema-diff-stability/red-first/parameters.json:11: trailing whitespace.
+    "docs/superpowers/verification/evidence/sol-p0-p2/isolation.init.gradle",
docs/superpowers/verification/evidence/schema-diff-stability/red-first/parameters.json:12: trailing whitespace.
+    "test",
docs/superpowers/verification/evidence/schema-diff-stability/red-first/parameters.json:13: trailing whitespace.
+    "--tests",
docs/superpowers/verification/evidence/schema-diff-stability/red-first/parameters.json:14: trailing whitespace.
+    "com.datacube.service.SchemaDiffServiceTest",
docs/superpowers/verification/evidence/schema-diff-stability/red-first/parameters.json:15: trailing whitespace.
+    "--tests",
docs/superpowers/verification/evidence/schema-diff-stability/red-first/parameters.json:16: trailing whitespace.
+    "com.datacube.service.SchemaDiffConcurrencyTest"
docs/superpowers/verification/evidence/schema-diff-stability/red-first/parameters.json:17: trailing whitespace.
+  ],
docs/superpowers/verification/evidence/schema-diff-stability/red-first/parameters.json:18: trailing whitespace.
+  "profile": "C:\\Users\\hetia\\AppData\\Local\\Temp\\datacube-schema-stability-3eb43711-b342-4c86-a1ed-d4ecf4c7a1be",
docs/superpowers/verification/evidence/schema-diff-stability/red-first/parameters.json:19: trailing whitespace.
+  "javaHome": "D:/jvms_v2.1.6_amd64/store/jdk-25.0.1+8"
docs/superpowers/verification/evidence/schema-diff-stability/red-first/parameters.json:20: trailing whitespace.
+}
docs/superpowers/verification/evidence/schema-diff-stability/red-first/result.json:1: trailing whitespace.
+{
docs/superpowers/verification/evidence/schema-diff-stability/red-first/result.json:2: trailing whitespace.
+  "exit": 1,
docs/superpowers/verification/evidence/schema-diff-stability/red-first/result.json:3: trailing whitespace.
+  "finished": "2026-10-02T01:58:27.3049766Z"
docs/superpowers/verification/evidence/schema-diff-stability/red-first/result.json:4: trailing whitespace.
+}
docs/superpowers/verification/evidence/schema-diff-stability/two-add-safe.exit.txt:1: trailing whitespace.
+0
docs/superpowers/verification/evidence/schema-diff-stability/two-add-unsafe.exit.txt:1: trailing whitespace.
+1
