Merge made by the 'ort' strategy.
 README.md                                          |   2 +-
 .../plans/2026-09-30-metadata-search-disposal.md   |  38 ++
 ...026-09-30-metadata-search-disposal-results.json | 477 ++++++++++++++++++++
 .../2026-09-30-metadata-search-disposal.md         |  48 ++
 .../metadata-search-disposal/.gitattributes        |   1 +
 .../MigrationRuntimeDriverProbe.java               |   9 +
 .../metadata-search-disposal/archive-evidence.ps1  |  48 ++
 .../metadata-search-disposal/audit-image.ps1       |  27 ++
 .../TEST-datacube.build.IcoGeneratorTest.xml       |  14 +
 .../checks/branch-buildsrc/branch-buildsrc.json    |  28 ++
 .../checks/branch-buildsrc/branch-buildsrc.log     |  16 +
 .../checks/branch-buildsrc/xml-manifest.txt        |   1 +
 ....datacube.fx.MetadataSearchShellRoutingTest.xml | 136 ++++++
 ....datacube.fx.SchemaMetadataSearchDialogTest.xml |  30 ++
 ...T-com.datacube.fx.SchemaObjectFindEntryTest.xml |  30 ++
 ...datacube.fx.SchemaObjectSearchLifecycleTest.xml |   8 +
 ...m.datacube.service.SchemaMetadataSearchTest.xml |  11 +
 .../branch-directed-final.json                     |  37 ++
 .../branch-directed-final.log                      |  20 +
 .../checks/branch-directed-final/xml-manifest.txt  |   5 +
 ....datacube.fx.MetadataSearchShellRoutingTest.xml | 136 ++++++
 ....datacube.fx.SchemaMetadataSearchDialogTest.xml |  31 ++
 ...T-com.datacube.fx.SchemaObjectFindEntryTest.xml |  30 ++
 ...datacube.fx.SchemaObjectSearchLifecycleTest.xml |   8 +
 ...m.datacube.service.SchemaMetadataSearchTest.xml |  11 +
 .../branch-directed-reviewed.json                  |  37 ++
 .../branch-directed-reviewed.log                   |  20 +
 .../branch-directed-reviewed/xml-manifest.txt      |   5 +
 .../branch-evidence-audit.json                     |  32 ++
 ....datacube.fx.MetadataSearchShellRoutingTest.xml | 134 ++++++
 ....datacube.fx.SchemaMetadataSearchDialogTest.xml |  31 ++
 ...T-com.datacube.fx.SchemaObjectFindEntryTest.xml |  30 ++
 ...datacube.fx.SchemaObjectSearchLifecycleTest.xml |   8 +
 ...com.datacube.redis.RedisLiveIntegrationTest.xml |  16 +
 ...be.schemadiff.SchemaDiffLiveIntegrationTest.xml |  32 ++
 ...m.datacube.service.SchemaMetadataSearchTest.xml |  11 +
 .../branch-full-reviewed/branch-full-reviewed.json |  41 ++
 .../branch-full-reviewed/branch-full-reviewed.log  |  21 +
 .../checks/branch-full-reviewed/xml-manifest.txt   | 309 +++++++++++++
 ....datacube.fx.MetadataSearchShellRoutingTest.xml | 134 ++++++
 ....datacube.fx.SchemaMetadataSearchDialogTest.xml |  30 ++
 ...T-com.datacube.fx.SchemaObjectFindEntryTest.xml |  30 ++
 ...datacube.fx.SchemaObjectSearchLifecycleTest.xml |   8 +
 ...com.datacube.redis.RedisLiveIntegrationTest.xml |  16 +
 ...be.schemadiff.SchemaDiffLiveIntegrationTest.xml |  32 ++
 ...m.datacube.service.SchemaMetadataSearchTest.xml |  11 +
 .../checks/branch-full/branch-full.json            |  41 ++
 .../checks/branch-full/branch-full.log             |  21 +
 .../checks/branch-full/xml-manifest.txt            | 309 +++++++++++++
 .../branch-image-audit-driver.log                  |   3 +
 .../branch-image-audit/branch-image-audit.json     |  27 ++
 .../checks/branch-image/branch-image.json          |  15 +
 .../checks/branch-image/branch-image.log           |  27 ++
 .../checks/branch-review/branch-review.json        |  20 +
 .../branch-staged-evidence-audit.json              |  32 ++
 .../branch-staged-evidence-first.json              |   8 +
 ....datacube.fx.MetadataSearchShellRoutingTest.xml |  28 ++
 .../disposal-green-routing.json                    |  29 ++
 .../disposal-green-routing.log                     |  20 +
 .../checks/disposal-green-routing/xml-manifest.txt |   1 +
 ....datacube.fx.MetadataSearchShellRoutingTest.xml | 136 ++++++
 ....datacube.fx.SchemaMetadataSearchDialogTest.xml |  29 ++
 ...T-com.datacube.fx.SchemaObjectFindEntryTest.xml |  30 ++
 ...datacube.fx.SchemaObjectSearchLifecycleTest.xml |   8 +
 ...m.datacube.service.SchemaMetadataSearchTest.xml |  11 +
 .../disposal-lifecycle/disposal-lifecycle.json     |  37 ++
 .../disposal-lifecycle/disposal-lifecycle.log      |  20 +
 .../checks/disposal-lifecycle/xml-manifest.txt     |   5 +
 ....datacube.fx.MetadataSearchShellRoutingTest.xml | 216 +++++++++
 .../disposal-red-runtime/disposal-red-runtime.json |  34 ++
 .../disposal-red-runtime/disposal-red-runtime.log  |  69 +++
 .../checks/disposal-red-runtime/xml-manifest.txt   |   1 +
 .../checks/disposal-red/disposal-red.json          |  19 +
 .../checks/disposal-red/disposal-red.log           |  81 ++++
 .../disposal-red-test.java                         | 486 +++++++++++++++++++++
 .../initial-source-snapshot.json                   |  26 ++
 .../metadata-search-disposal/isolated-tests.gradle |   7 +
 .../metadata-search-disposal/manifest.json         | 385 ++++++++++++++++
 .../metadata-search-disposal/run-check.ps1         |  42 ++
 .../metadata-search-disposal/source-snapshot.json  |  26 ++
 .../metadata-search-disposal/verify-evidence.ps1   |  39 ++
 src/com/datacube/fx/ConnectionTreePane.java        |  16 +-
 .../datacube/fx/SchemaMetadataSearchDialog.java    |  52 ++-
 .../fx/MetadataSearchShellRoutingTest.java         |  80 +++-
 .../fx/SchemaMetadataSearchDialogTest.java         |  98 ++++-
 85 files changed, 4694 insertions(+), 30 deletions(-)
 create mode 100644 docs/superpowers/plans/2026-09-30-metadata-search-disposal.md
 create mode 100644 docs/superpowers/verification/2026-09-30-metadata-search-disposal-results.json
 create mode 100644 docs/superpowers/verification/2026-09-30-metadata-search-disposal.md
 create mode 100644 docs/superpowers/verification/evidence/metadata-search-disposal/.gitattributes
 create mode 100644 docs/superpowers/verification/evidence/metadata-search-disposal/MigrationRuntimeDriverProbe.java
 create mode 100644 docs/superpowers/verification/evidence/metadata-search-disposal/archive-evidence.ps1
 create mode 100644 docs/superpowers/verification/evidence/metadata-search-disposal/audit-image.ps1
 create mode 100644 docs/superpowers/verification/evidence/metadata-search-disposal/checks/branch-buildsrc/TEST-datacube.build.IcoGeneratorTest.xml
 create mode 100644 docs/superpowers/verification/evidence/metadata-search-disposal/checks/branch-buildsrc/branch-buildsrc.json
 create mode 100644 docs/superpowers/verification/evidence/metadata-search-disposal/checks/branch-buildsrc/branch-buildsrc.log
 create mode 100644 docs/superpowers/verification/evidence/metadata-search-disposal/checks/branch-buildsrc/xml-manifest.txt
 create mode 100644 docs/superpowers/verification/evidence/metadata-search-disposal/checks/branch-directed-final/TEST-com.datacube.fx.MetadataSearchShellRoutingTest.xml
 create mode 100644 docs/superpowers/verification/evidence/metadata-search-disposal/checks/branch-directed-final/TEST-com.datacube.fx.SchemaMetadataSearchDialogTest.xml
 create mode 100644 docs/superpowers/verification/evidence/metadata-search-disposal/checks/branch-directed-final/TEST-com.datacube.fx.SchemaObjectFindEntryTest.xml
 create mode 100644 docs/superpowers/verification/evidence/metadata-search-disposal/checks/branch-directed-final/TEST-com.datacube.fx.SchemaObjectSearchLifecycleTest.xml
 create mode 100644 docs/superpowers/verification/evidence/metadata-search-disposal/checks/branch-directed-final/TEST-com.datacube.service.SchemaMetadataSearchTest.xml
 create mode 100644 docs/superpowers/verification/evidence/metadata-search-disposal/checks/branch-directed-final/branch-directed-final.json
 create mode 100644 docs/superpowers/verification/evidence/metadata-search-disposal/checks/branch-directed-final/branch-directed-final.log
 create mode 100644 docs/superpowers/verification/evidence/metadata-search-disposal/checks/branch-directed-final/xml-manifest.txt
 create mode 100644 docs/superpowers/verification/evidence/metadata-search-disposal/checks/branch-directed-reviewed/TEST-com.datacube.fx.MetadataSearchShellRoutingTest.xml
 create mode 100644 docs/superpowers/verification/evidence/metadata-search-disposal/checks/branch-directed-reviewed/TEST-com.datacube.fx.SchemaMetadataSearchDialogTest.xml
 create mode 100644 docs/superpowers/verification/evidence/metadata-search-disposal/checks/branch-directed-reviewed/TEST-com.datacube.fx.SchemaObjectFindEntryTest.xml
 create mode 100644 docs/superpowers/verification/evidence/metadata-search-disposal/checks/branch-directed-reviewed/TEST-com.datacube.fx.SchemaObjectSearchLifecycleTest.xml
 create mode 100644 docs/superpowers/verification/evidence/metadata-search-disposal/checks/branch-directed-reviewed/TEST-com.datacube.service.SchemaMetadataSearchTest.xml
 create mode 100644 docs/superpowers/verification/evidence/metadata-search-disposal/checks/branch-directed-reviewed/branch-directed-reviewed.json
 create mode 100644 docs/superpowers/verification/evidence/metadata-search-disposal/checks/branch-directed-reviewed/branch-directed-reviewed.log
 create mode 100644 docs/superpowers/verification/evidence/metadata-search-disposal/checks/branch-directed-reviewed/xml-manifest.txt
 create mode 100644 docs/superpowers/verification/evidence/metadata-search-disposal/checks/branch-evidence-audit/branch-evidence-audit.json
 create mode 100644 docs/superpowers/verification/evidence/metadata-search-disposal/checks/branch-full-reviewed/TEST-com.datacube.fx.MetadataSearchShellRoutingTest.xml
 create mode 100644 docs/superpowers/verification/evidence/metadata-search-disposal/checks/branch-full-reviewed/TEST-com.datacube.fx.SchemaMetadataSearchDialogTest.xml
 create mode 100644 docs/superpowers/verification/evidence/metadata-search-disposal/checks/branch-full-reviewed/TEST-com.datacube.fx.SchemaObjectFindEntryTest.xml
 create mode 100644 docs/superpowers/verification/evidence/metadata-search-disposal/checks/branch-full-reviewed/TEST-com.datacube.fx.SchemaObjectSearchLifecycleTest.xml
 create mode 100644 docs/superpowers/verification/evidence/metadata-search-disposal/checks/branch-full-reviewed/TEST-com.datacube.redis.RedisLiveIntegrationTest.xml
 create mode 100644 docs/superpowers/verification/evidence/metadata-search-disposal/checks/branch-full-reviewed/TEST-com.datacube.schemadiff.SchemaDiffLiveIntegrationTest.xml
 create mode 100644 docs/superpowers/verification/evidence/metadata-search-disposal/checks/branch-full-reviewed/TEST-com.datacube.service.SchemaMetadataSearchTest.xml
 create mode 100644 docs/superpowers/verification/evidence/metadata-search-disposal/checks/branch-full-reviewed/branch-full-reviewed.json
 create mode 100644 docs/superpowers/verification/evidence/metadata-search-disposal/checks/branch-full-reviewed/branch-full-reviewed.log
 create mode 100644 docs/superpowers/verification/evidence/metadata-search-disposal/checks/branch-full-reviewed/xml-manifest.txt
 create mode 100644 docs/superpowers/verification/evidence/metadata-search-disposal/checks/branch-full/TEST-com.datacube.fx.MetadataSearchShellRoutingTest.xml
 create mode 100644 docs/superpowers/verification/evidence/metadata-search-disposal/checks/branch-full/TEST-com.datacube.fx.SchemaMetadataSearchDialogTest.xml
 create mode 100644 docs/superpowers/verification/evidence/metadata-search-disposal/checks/branch-full/TEST-com.datacube.fx.SchemaObjectFindEntryTest.xml
 create mode 100644 docs/superpowers/verification/evidence/metadata-search-disposal/checks/branch-full/TEST-com.datacube.fx.SchemaObjectSearchLifecycleTest.xml
 create mode 100644 docs/superpowers/verification/evidence/metadata-search-disposal/checks/branch-full/TEST-com.datacube.redis.RedisLiveIntegrationTest.xml
 create mode 100644 docs/superpowers/verification/evidence/metadata-search-disposal/checks/branch-full/TEST-com.datacube.schemadiff.SchemaDiffLiveIntegrationTest.xml
 create mode 100644 docs/superpowers/verification/evidence/metadata-search-disposal/checks/branch-full/TEST-com.datacube.service.SchemaMetadataSearchTest.xml
 create mode 100644 docs/superpowers/verification/evidence/metadata-search-disposal/checks/branch-full/branch-full.json
 create mode 100644 docs/superpowers/verification/evidence/metadata-search-disposal/checks/branch-full/branch-full.log
 create mode 100644 docs/superpowers/verification/evidence/metadata-search-disposal/checks/branch-full/xml-manifest.txt
 create mode 100644 docs/superpowers/verification/evidence/metadata-search-disposal/checks/branch-image-audit/branch-image-audit-driver.log
 create mode 100644 docs/superpowers/verification/evidence/metadata-search-disposal/checks/branch-image-audit/branch-image-audit.json
 create mode 100644 docs/superpowers/verification/evidence/metadata-search-disposal/checks/branch-image/branch-image.json
 create mode 100644 docs/superpowers/verification/evidence/metadata-search-disposal/checks/branch-image/branch-image.log
 create mode 100644 docs/superpowers/verification/evidence/metadata-search-disposal/checks/branch-review/branch-review.json
 create mode 100644 docs/superpowers/verification/evidence/metadata-search-disposal/checks/branch-staged-evidence-audit/branch-staged-evidence-audit.json
 create mode 100644 docs/superpowers/verification/evidence/metadata-search-disposal/checks/branch-staged-evidence-first/branch-staged-evidence-first.json
 create mode 100644 docs/superpowers/verification/evidence/metadata-search-disposal/checks/disposal-green-routing/TEST-com.datacube.fx.MetadataSearchShellRoutingTest.xml
 create mode 100644 docs/superpowers/verification/evidence/metadata-search-disposal/checks/disposal-green-routing/disposal-green-routing.json
 create mode 100644 docs/superpowers/verification/evidence/metadata-search-disposal/checks/disposal-green-routing/disposal-green-routing.log
 create mode 100644 docs/superpowers/verification/evidence/metadata-search-disposal/checks/disposal-green-routing/xml-manifest.txt
 create mode 100644 docs/superpowers/verification/evidence/metadata-search-disposal/checks/disposal-lifecycle/TEST-com.datacube.fx.MetadataSearchShellRoutingTest.xml
 create mode 100644 docs/superpowers/verification/evidence/metadata-search-disposal/checks/disposal-lifecycle/TEST-com.datacube.fx.SchemaMetadataSearchDialogTest.xml
 create mode 100644 docs/superpowers/verification/evidence/metadata-search-disposal/checks/disposal-lifecycle/TEST-com.datacube.fx.SchemaObjectFindEntryTest.xml
 create mode 100644 docs/superpowers/verification/evidence/metadata-search-disposal/checks/disposal-lifecycle/TEST-com.datacube.fx.SchemaObjectSearchLifecycleTest.xml
 create mode 100644 docs/superpowers/verification/evidence/metadata-search-disposal/checks/disposal-lifecycle/TEST-com.datacube.service.SchemaMetadataSearchTest.xml
 create mode 100644 docs/superpowers/verification/evidence/metadata-search-disposal/checks/disposal-lifecycle/disposal-lifecycle.json
 create mode 100644 docs/superpowers/verification/evidence/metadata-search-disposal/checks/disposal-lifecycle/disposal-lifecycle.log
 create mode 100644 docs/superpowers/verification/evidence/metadata-search-disposal/checks/disposal-lifecycle/xml-manifest.txt
 create mode 100644 docs/superpowers/verification/evidence/metadata-search-disposal/checks/disposal-red-runtime/TEST-com.datacube.fx.MetadataSearchShellRoutingTest.xml
 create mode 100644 docs/superpowers/verification/evidence/metadata-search-disposal/checks/disposal-red-runtime/disposal-red-runtime.json
 create mode 100644 docs/superpowers/verification/evidence/metadata-search-disposal/checks/disposal-red-runtime/disposal-red-runtime.log
 create mode 100644 docs/superpowers/verification/evidence/metadata-search-disposal/checks/disposal-red-runtime/xml-manifest.txt
 create mode 100644 docs/superpowers/verification/evidence/metadata-search-disposal/checks/disposal-red/disposal-red.json
 create mode 100644 docs/superpowers/verification/evidence/metadata-search-disposal/checks/disposal-red/disposal-red.log
 create mode 100644 docs/superpowers/verification/evidence/metadata-search-disposal/disposal-red-test.java
 create mode 100644 docs/superpowers/verification/evidence/metadata-search-disposal/initial-source-snapshot.json
 create mode 100644 docs/superpowers/verification/evidence/metadata-search-disposal/isolated-tests.gradle
 create mode 100644 docs/superpowers/verification/evidence/metadata-search-disposal/manifest.json
 create mode 100644 docs/superpowers/verification/evidence/metadata-search-disposal/run-check.ps1
 create mode 100644 docs/superpowers/verification/evidence/metadata-search-disposal/source-snapshot.json
 create mode 100644 docs/superpowers/verification/evidence/metadata-search-disposal/verify-evidence.ps1
