To honour the JVM settings for this build a single-use Daemon process will be forked. For more on this, please refer to https://docs.gradle.org/9.2.0/userguide/gradle_daemon.html#sec:disabling_the_daemon in the Gradle documentation.
Daemon will be stopped at the end of the build 
> Task :buildSrc:compileJava UP-TO-DATE
> Task :buildSrc:compileGroovy NO-SOURCE
> Task :buildSrc:processResources NO-SOURCE
> Task :buildSrc:classes UP-TO-DATE
> Task :buildSrc:jar UP-TO-DATE
> Task :cleanTest
> Task :compileJava UP-TO-DATE
> Task :generateBrandIcons UP-TO-DATE
> Task :generateVersionProperties UP-TO-DATE
> Task :processResources UP-TO-DATE
> Task :classes UP-TO-DATE
> Task :compileTestJava
> Task :processTestResources NO-SOURCE
> Task :testClasses

> Task :test FAILED

StrictTableDdlMetadataTest > unsupportedColumnDefinitionFailsBeforeOutputOpenAndMove(String, Map, ExportContent) > [1] identity, {is_nullable=YES, column_name=value, data_type=bigint, identity_generation=ALWAYS, is_identity=YES, is_generated=NEVER}, STRUCTURE FAILED
    org.opentest4j.AssertionFailedError: Expected com.datacube.export.TableExportFailure to be thrown, but nothing was thrown.
        at app//org.junit.jupiter.api.AssertionFailureBuilder.build(AssertionFailureBuilder.java:152)
        at app//org.junit.jupiter.api.AssertThrows.assertThrows(AssertThrows.java:73)
        at app//org.junit.jupiter.api.AssertThrows.assertThrows(AssertThrows.java:35)
        at app//org.junit.jupiter.api.Assertions.assertThrows(Assertions.java:3128)
        at app//com.datacube.export.StrictTableDdlMetadataTest.unsupportedColumnDefinitionFailsBeforeOutputOpenAndMove(StrictTableDdlMetadataTest.java:32)

StrictTableDdlMetadataTest > unsupportedColumnDefinitionFailsBeforeOutputOpenAndMove(String, Map, ExportContent) > [2] identity, {is_nullable=YES, column_name=value, data_type=bigint, identity_generation=ALWAYS, is_identity=YES, is_generated=NEVER}, BOTH FAILED
    org.opentest4j.AssertionFailedError: Expected com.datacube.export.TableExportFailure to be thrown, but nothing was thrown.
        at app//org.junit.jupiter.api.AssertionFailureBuilder.build(AssertionFailureBuilder.java:152)
        at app//org.junit.jupiter.api.AssertThrows.assertThrows(AssertThrows.java:73)
        at app//org.junit.jupiter.api.AssertThrows.assertThrows(AssertThrows.java:35)
        at app//org.junit.jupiter.api.Assertions.assertThrows(Assertions.java:3128)
        at app//com.datacube.export.StrictTableDdlMetadataTest.unsupportedColumnDefinitionFailsBeforeOutputOpenAndMove(StrictTableDdlMetadataTest.java:32)

StrictTableDdlMetadataTest > unsupportedColumnDefinitionFailsBeforeOutputOpenAndMove(String, Map, ExportContent) > [3] generated, {is_nullable=YES, column_name=value, data_type=integer, generation_expression=1 + 1, is_identity=NO, is_generated=ALWAYS}, STRUCTURE FAILED
    org.opentest4j.AssertionFailedError: Expected com.datacube.export.TableExportFailure to be thrown, but nothing was thrown.
        at app//org.junit.jupiter.api.AssertionFailureBuilder.build(AssertionFailureBuilder.java:152)
        at app//org.junit.jupiter.api.AssertThrows.assertThrows(AssertThrows.java:73)
        at app//org.junit.jupiter.api.AssertThrows.assertThrows(AssertThrows.java:35)
        at app//org.junit.jupiter.api.Assertions.assertThrows(Assertions.java:3128)
        at app//com.datacube.export.StrictTableDdlMetadataTest.unsupportedColumnDefinitionFailsBeforeOutputOpenAndMove(StrictTableDdlMetadataTest.java:32)

StrictTableDdlMetadataTest > unsupportedColumnDefinitionFailsBeforeOutputOpenAndMove(String, Map, ExportContent) > [4] generated, {is_nullable=YES, column_name=value, data_type=integer, generation_expression=1 + 1, is_identity=NO, is_generated=ALWAYS}, BOTH FAILED
    org.opentest4j.AssertionFailedError: Expected com.datacube.export.TableExportFailure to be thrown, but nothing was thrown.
        at app//org.junit.jupiter.api.AssertionFailureBuilder.build(AssertionFailureBuilder.java:152)
        at app//org.junit.jupiter.api.AssertThrows.assertThrows(AssertThrows.java:73)
        at app//org.junit.jupiter.api.AssertThrows.assertThrows(AssertThrows.java:35)
        at app//org.junit.jupiter.api.Assertions.assertThrows(Assertions.java:3128)
        at app//com.datacube.export.StrictTableDdlMetadataTest.unsupportedColumnDefinitionFailsBeforeOutputOpenAndMove(StrictTableDdlMetadataTest.java:32)

StrictTableDdlMetadataTest > unsupportedColumnDefinitionFailsBeforeOutputOpenAndMove(String, Map, ExportContent) > [5] domain, {domain_schema=s, domain_name=restricted_text, is_nullable=YES, column_name=value, data_type=text, is_identity=NO, domain_catalog=synthetic, is_generated=NEVER}, STRUCTURE FAILED
    org.opentest4j.AssertionFailedError: Expected com.datacube.export.TableExportFailure to be thrown, but nothing was thrown.
        at app//org.junit.jupiter.api.AssertionFailureBuilder.build(AssertionFailureBuilder.java:152)
        at app//org.junit.jupiter.api.AssertThrows.assertThrows(AssertThrows.java:73)
        at app//org.junit.jupiter.api.AssertThrows.assertThrows(AssertThrows.java:35)
        at app//org.junit.jupiter.api.Assertions.assertThrows(Assertions.java:3128)
        at app//com.datacube.export.StrictTableDdlMetadataTest.unsupportedColumnDefinitionFailsBeforeOutputOpenAndMove(StrictTableDdlMetadataTest.java:32)

StrictTableDdlMetadataTest > unsupportedColumnDefinitionFailsBeforeOutputOpenAndMove(String, Map, ExportContent) > [6] domain, {domain_schema=s, domain_name=restricted_text, is_nullable=YES, column_name=value, data_type=text, is_identity=NO, domain_catalog=synthetic, is_generated=NEVER}, BOTH FAILED
    org.opentest4j.AssertionFailedError: Expected com.datacube.export.TableExportFailure to be thrown, but nothing was thrown.
        at app//org.junit.jupiter.api.AssertionFailureBuilder.build(AssertionFailureBuilder.java:152)
        at app//org.junit.jupiter.api.AssertThrows.assertThrows(AssertThrows.java:73)
        at app//org.junit.jupiter.api.AssertThrows.assertThrows(AssertThrows.java:35)
        at app//org.junit.jupiter.api.Assertions.assertThrows(Assertions.java:3128)
        at app//com.datacube.export.StrictTableDdlMetadataTest.unsupportedColumnDefinitionFailsBeforeOutputOpenAndMove(StrictTableDdlMetadataTest.java:32)

StrictTableDdlMetadataTest > unsupportedColumnDefinitionFailsBeforeOutputOpenAndMove(String, Map, ExportContent) > [7] bit8, {is_nullable=YES, column_name=value, data_type=bit, character_maximum_length=8, is_identity=NO, is_generated=NEVER}, STRUCTURE FAILED
    org.opentest4j.AssertionFailedError: Expected com.datacube.export.TableExportFailure to be thrown, but nothing was thrown.
        at app//org.junit.jupiter.api.AssertionFailureBuilder.build(AssertionFailureBuilder.java:152)
        at app//org.junit.jupiter.api.AssertThrows.assertThrows(AssertThrows.java:73)
        at app//org.junit.jupiter.api.AssertThrows.assertThrows(AssertThrows.java:35)
        at app//org.junit.jupiter.api.Assertions.assertThrows(Assertions.java:3128)
        at app//com.datacube.export.StrictTableDdlMetadataTest.unsupportedColumnDefinitionFailsBeforeOutputOpenAndMove(StrictTableDdlMetadataTest.java:32)

StrictTableDdlMetadataTest > unsupportedColumnDefinitionFailsBeforeOutputOpenAndMove(String, Map, ExportContent) > [8] bit8, {is_nullable=YES, column_name=value, data_type=bit, character_maximum_length=8, is_identity=NO, is_generated=NEVER}, BOTH FAILED
    org.opentest4j.AssertionFailedError: Expected com.datacube.export.TableExportFailure to be thrown, but nothing was thrown.
        at app//org.junit.jupiter.api.AssertionFailureBuilder.build(AssertionFailureBuilder.java:152)
        at app//org.junit.jupiter.api.AssertThrows.assertThrows(AssertThrows.java:73)
        at app//org.junit.jupiter.api.AssertThrows.assertThrows(AssertThrows.java:35)
        at app//org.junit.jupiter.api.Assertions.assertThrows(Assertions.java:3128)
        at app//com.datacube.export.StrictTableDdlMetadataTest.unsupportedColumnDefinitionFailsBeforeOutputOpenAndMove(StrictTableDdlMetadataTest.java:32)

StrictTableDdlMetadataTest > unsupportedColumnDefinitionFailsBeforeOutputOpenAndMove(String, Map, ExportContent) > [9] timestamp3, {datetime_precision=3, is_nullable=YES, column_name=value, data_type=timestamp without time zone, is_identity=NO, is_generated=NEVER}, STRUCTURE FAILED
    org.opentest4j.AssertionFailedError: Expected com.datacube.export.TableExportFailure to be thrown, but nothing was thrown.
        at app//org.junit.jupiter.api.AssertionFailureBuilder.build(AssertionFailureBuilder.java:152)
        at app//org.junit.jupiter.api.AssertThrows.assertThrows(AssertThrows.java:73)
        at app//org.junit.jupiter.api.AssertThrows.assertThrows(AssertThrows.java:35)
        at app//org.junit.jupiter.api.Assertions.assertThrows(Assertions.java:3128)
        at app//com.datacube.export.StrictTableDdlMetadataTest.unsupportedColumnDefinitionFailsBeforeOutputOpenAndMove(StrictTableDdlMetadataTest.java:32)

StrictTableDdlMetadataTest > unsupportedColumnDefinitionFailsBeforeOutputOpenAndMove(String, Map, ExportContent) > [10] timestamp3, {datetime_precision=3, is_nullable=YES, column_name=value, data_type=timestamp without time zone, is_identity=NO, is_generated=NEVER}, BOTH FAILED
    org.opentest4j.AssertionFailedError: Expected com.datacube.export.TableExportFailure to be thrown, but nothing was thrown.
        at app//org.junit.jupiter.api.AssertionFailureBuilder.build(AssertionFailureBuilder.java:152)
        at app//org.junit.jupiter.api.AssertThrows.assertThrows(AssertThrows.java:73)
        at app//org.junit.jupiter.api.AssertThrows.assertThrows(AssertThrows.java:35)
        at app//org.junit.jupiter.api.Assertions.assertThrows(Assertions.java:3128)
        at app//com.datacube.export.StrictTableDdlMetadataTest.unsupportedColumnDefinitionFailsBeforeOutputOpenAndMove(StrictTableDdlMetadataTest.java:32)

StrictTableDdlMetadataTest > unsupportedColumnDefinitionFailsBeforeOutputOpenAndMove(String, Map, ExportContent) > [11] collation, {collation_catalog=synthetic, is_nullable=YES, collation_schema=pg_catalog, column_name=value, data_type=text, is_identity=NO, collation_name=C, is_generated=NEVER}, STRUCTURE FAILED
    org.opentest4j.AssertionFailedError: Expected com.datacube.export.TableExportFailure to be thrown, but nothing was thrown.
        at app//org.junit.jupiter.api.AssertionFailureBuilder.build(AssertionFailureBuilder.java:152)
        at app//org.junit.jupiter.api.AssertThrows.assertThrows(AssertThrows.java:73)
        at app//org.junit.jupiter.api.AssertThrows.assertThrows(AssertThrows.java:35)
        at app//org.junit.jupiter.api.Assertions.assertThrows(Assertions.java:3128)
        at app//com.datacube.export.StrictTableDdlMetadataTest.unsupportedColumnDefinitionFailsBeforeOutputOpenAndMove(StrictTableDdlMetadataTest.java:32)

StrictTableDdlMetadataTest > unsupportedColumnDefinitionFailsBeforeOutputOpenAndMove(String, Map, ExportContent) > [12] collation, {collation_catalog=synthetic, is_nullable=YES, collation_schema=pg_catalog, column_name=value, data_type=text, is_identity=NO, collation_name=C, is_generated=NEVER}, BOTH FAILED
    org.opentest4j.AssertionFailedError: Expected com.datacube.export.TableExportFailure to be thrown, but nothing was thrown.
        at app//org.junit.jupiter.api.AssertionFailureBuilder.build(AssertionFailureBuilder.java:152)
        at app//org.junit.jupiter.api.AssertThrows.assertThrows(AssertThrows.java:73)
        at app//org.junit.jupiter.api.AssertThrows.assertThrows(AssertThrows.java:35)
        at app//org.junit.jupiter.api.Assertions.assertThrows(Assertions.java:3128)
        at app//com.datacube.export.StrictTableDdlMetadataTest.unsupportedColumnDefinitionFailsBeforeOutputOpenAndMove(StrictTableDdlMetadataTest.java:32)
9 actionable tasks: 3 executed, 6 up-to-date
