Picked up JAVA_TOOL_OPTIONS: "-Duser.home=C:\Users\hetia\AppData\Local\Temp\datacube-ci-main-335783f18f634facb29faf3951c9df76/profile" "-Djava.io.tmpdir=C:\Users\hetia\AppData\Local\Temp\DAB579~2\temp" -Djava.awt.headless=false
To honour the JVM settings for this build a single-use Daemon process will be forked. For more on this, please refer to https://docs.gradle.org/9.2.0/userguide/gradle_daemon.html#sec:disabling_the_daemon in the Gradle documentation.
Daemon will be stopped at the end of the build 
> Task :buildSrc:compileJava UP-TO-DATE
> Task :buildSrc:compileGroovy NO-SOURCE
> Task :buildSrc:processResources NO-SOURCE
> Task :buildSrc:classes UP-TO-DATE
> Task :buildSrc:jar UP-TO-DATE
> Task :compileJava
> Task :generateBrandIcons UP-TO-DATE
> Task :generateVersionProperties UP-TO-DATE
> Task :processResources UP-TO-DATE
> Task :classes
> Task :compileTestJava
> Task :processTestResources NO-SOURCE
> Task :testClasses

> Task :test
Picked up JAVA_TOOL_OPTIONS: "-Duser.home=C:\Users\hetia\AppData\Local\Temp\datacube-ci-main-335783f18f634facb29faf3951c9df76/profile" "-Djava.io.tmpdir=C:\Users\hetia\AppData\Local\Temp\DAB579~2\temp" -Djava.awt.headless=false

BUILD SUCCESSFUL in 24s
8 actionable tasks: 3 executed, 5 up-to-date
Consider enabling configuration cache to speed up this build: https://docs.gradle.org/9.2.0/userguide/configuration_cache_enabling.html
