Picked up JAVA_TOOL_OPTIONS: "-Duser.home=C:\Users\hetia\AppData\Local\Temp\datacube-favorites-main-c6bc1d7834264229a83fc7dbe56bf32f/profile" "-Djava.io.tmpdir=C:\Users\hetia\AppData\Local\Temp\DAD5BF~1\temp" -Djava.awt.headless=false
To honour the JVM settings for this build a single-use Daemon process will be forked. For more on this, please refer to https://docs.gradle.org/9.2.0/userguide/gradle_daemon.html#sec:disabling_the_daemon in the Gradle documentation.
Daemon will be stopped at the end of the build 
> Task :buildSrc:compileJava UP-TO-DATE
> Task :buildSrc:compileGroovy NO-SOURCE
> Task :buildSrc:processResources NO-SOURCE
> Task :buildSrc:classes UP-TO-DATE
> Task :buildSrc:jar UP-TO-DATE
> Task :clean
> Task :compileJava
> Task :generateBrandIcons
> Task :generateVersionProperties
> Task :processResources
> Task :classes

> Task :compileTestJava
注: 某些输入文件使用了未经检查或不安全的操作。
注: 有关详细信息, 请使用 -Xlint:unchecked 重新编译。

> Task :processTestResources NO-SOURCE
> Task :testClasses

> Task :test
Picked up JAVA_TOOL_OPTIONS: "-Duser.home=C:\Users\hetia\AppData\Local\Temp\datacube-favorites-main-c6bc1d7834264229a83fc7dbe56bf32f/profile" "-Djava.io.tmpdir=C:\Users\hetia\AppData\Local\Temp\DAD5BF~1\temp" -Djava.awt.headless=false
