Merge made by the 'ort' strategy.
 .../plans/2026-09-30-oracle-live-acceptance.md     |  35 ++
 .../2026-09-30-oracle-live-acceptance-results.json | 621 +++++++++++++++++++
 .../2026-09-30-oracle-live-acceptance.md           |  64 ++
 .../evidence/oracle-live-acceptance/.gitattributes |   2 +
 .../MigrationRuntimeDriverProbe.java               |   9 +
 .../OracleDesktopAcceptance.java                   |  61 ++
 .../OracleLiveAcceptance-first.java                | 330 ++++++++++
 .../OracleLiveAcceptance.java                      | 336 +++++++++++
 .../oracle-live-acceptance/archive-evidence.ps1    |  70 +++
 .../oracle-live-acceptance/audit-image.ps1         |  27 +
 .../checks/acceptance/acceptance.json              | 113 ++++
 .../checks/acceptance/acceptance.log               |  19 +
 .../archive-redaction-review.json                  |  46 ++
 .../TEST-datacube.build.IcoGeneratorTest.xml       |  14 +
 .../checks/branch-buildsrc/branch-buildsrc.json    |  29 +
 .../checks/branch-buildsrc/branch-buildsrc.log     |  17 +
 .../checks/branch-buildsrc/xml-manifest.txt        |   1 +
 ...r.jdbc.DriverCancellationClassificationTest.xml |  24 +
 ...provider.jdbc.JdbcPreparedQueryExecutorTest.xml |  19 +
 ....oracle.OracleSqlRunnerExecutionControlTest.xml |  21 +
 ...er.postgres.PgSqlRunnerExecutionControlTest.xml |  18 +
 ...-com.datacube.service.JdbcEditorSessionTest.xml |  51 ++
 ...ST-com.datacube.spi.SqlExecutionControlTest.xml |  17 +
 .../checks/branch-directed/branch-directed.json    |  39 ++
 .../checks/branch-directed/branch-directed.log     |  20 +
 .../checks/branch-directed/xml-manifest.txt        |   6 +
 ...r.jdbc.DriverCancellationClassificationTest.xml |  24 +
 ...provider.jdbc.JdbcPreparedQueryExecutorTest.xml |  19 +
 ....oracle.OracleSqlRunnerExecutionControlTest.xml |  21 +
 ...er.postgres.PgSqlRunnerExecutionControlTest.xml |  18 +
 ...com.datacube.redis.RedisLiveIntegrationTest.xml |  16 +
 ...be.schemadiff.SchemaDiffLiveIntegrationTest.xml |  32 +
 ...-com.datacube.service.JdbcEditorSessionTest.xml |  51 ++
 ...ST-com.datacube.spi.SqlExecutionControlTest.xml |  17 +
 .../checks/branch-full/branch-full.json            |  41 ++
 .../checks/branch-full/branch-full.log             |  21 +
 .../checks/branch-full/xml-manifest.txt            | 310 ++++++++++
 .../branch-image-audit-driver.log                  |   3 +
 .../branch-image-audit/branch-image-audit.json     |  27 +
 .../checks/branch-image/branch-image.json          |  15 +
 .../checks/branch-image/branch-image.log           |  27 +
 .../checks/branch-live/branch-live.json            | 113 ++++
 .../checks/branch-live/branch-live.log             |  21 +
 .../checks/branch-review/branch-review.json        |  18 +
 .../cancel-diagnostic/cancel-diagnostic.json       |  28 +
 .../checks/cancel-diagnostic/cancel-diagnostic.log |   4 +
 ...r.jdbc.DriverCancellationClassificationTest.xml | 663 +++++++++++++++++++++
 .../checks/cancellation-red/cancellation-red.json  |  39 ++
 .../checks/cancellation-red/cancellation-red.log   | 123 ++++
 .../checks/cancellation-red/xml-manifest.txt       |   1 +
 .../checks/native-launch/native-error.log          |   5 +
 .../checks/native-launch/native-launch.json        |  16 +
 .../checks/native-launch/native.log                |   1 +
 .../checks/native-visible/native-visible-error.log |   5 +
 .../checks/native-visible/native-visible.json      |  37 ++
 .../checks/native-visible/native-visible.log       |   2 +
 .../checks/preflight/preflight.json                |  21 +
 .../checks/preflight/preflight.log                 |   2 +
 .../oracle-live-acceptance/isolated-tests.gradle   |   7 +
 .../oracle-live-acceptance/launch-native.ps1       |  25 +
 .../evidence/oracle-live-acceptance/manifest.json  | 440 ++++++++++++++
 .../native/01-initial-own-tree-0.jpg               | Bin 0 -> 67022 bytes
 .../native/01-initial-own-tree.txt                 |  53 ++
 .../native/02-readonly-data-loaded-0.jpg           | Bin 0 -> 98366 bytes
 .../native/02-readonly-data-loaded.txt             | 284 +++++++++
 .../native/03-schema-direct-entry-0.jpg            | Bin 0 -> 102069 bytes
 .../native/03-schema-direct-entry-1.jpg            | Bin 0 -> 6837 bytes
 .../native/03-schema-direct-entry.txt              | 284 +++++++++
 .../native/04-native-field-input-0.jpg             | Bin 0 -> 93712 bytes
 .../native/04-native-field-input-1.jpg             | Bin 0 -> 33987 bytes
 .../native/04-native-field-input.txt               | 321 ++++++++++
 .../native/05-field-real-hit-0.jpg                 | Bin 0 -> 101257 bytes
 .../native/05-field-real-hit-1.jpg                 | Bin 0 -> 40929 bytes
 .../native/05-field-real-hit.txt                   | 321 ++++++++++
 .../native/06-selected-field-three-actions-0.jpg   | Bin 0 -> 111173 bytes
 .../native/06-selected-field-three-actions-1.jpg   | Bin 0 -> 51746 bytes
 .../native/06-selected-field-three-actions.txt     | 321 ++++++++++
 .../07-field-generated-select-unexecuted-0.jpg     | Bin 0 -> 120464 bytes
 .../07-field-generated-select-unexecuted.txt       | 176 ++++++
 .../08-field-select-executed-real-rows-0.jpg       | Bin 0 -> 135366 bytes
 .../native/08-field-select-executed-real-rows.txt  | 278 +++++++++
 .../native/09-second-dialog-input-limitation-0.jpg | Bin 0 -> 104211 bytes
 .../native/09-second-dialog-input-limitation-1.jpg | Bin 0 -> 38604 bytes
 .../native/09-second-dialog-input-limitation.txt   | 316 ++++++++++
 .../native/10-table-menu-real-ddl-0.jpg            | Bin 0 -> 113005 bytes
 .../native/10-table-menu-real-ddl.txt              | 271 +++++++++
 .../oracle-live-acceptance/native/steps.json       | 136 +++++
 .../evidence/oracle-live-acceptance/run-check.ps1  |  42 ++
 .../evidence/oracle-live-acceptance/run-live.ps1   |  33 +
 .../oracle-live-acceptance/source-snapshot.json    |  26 +
 .../staged-diff-check-first.log                    |  12 +
 .../provider/jdbc/JdbcPreparedQueryExecutor.java   |   4 +-
 .../datacube/provider/oracle/OracleSqlRunner.java  |  12 +-
 .../datacube/provider/postgres/PgSqlRunner.java    |   8 +-
 .../jdbc/DriverCancellationClassificationTest.java |  75 +++
 95 files changed, 7180 insertions(+), 15 deletions(-)
 create mode 100644 docs/superpowers/plans/2026-09-30-oracle-live-acceptance.md
 create mode 100644 docs/superpowers/verification/2026-09-30-oracle-live-acceptance-results.json
 create mode 100644 docs/superpowers/verification/2026-09-30-oracle-live-acceptance.md
 create mode 100644 docs/superpowers/verification/evidence/oracle-live-acceptance/.gitattributes
 create mode 100644 docs/superpowers/verification/evidence/oracle-live-acceptance/MigrationRuntimeDriverProbe.java
 create mode 100644 docs/superpowers/verification/evidence/oracle-live-acceptance/OracleDesktopAcceptance.java
 create mode 100644 docs/superpowers/verification/evidence/oracle-live-acceptance/OracleLiveAcceptance-first.java
 create mode 100644 docs/superpowers/verification/evidence/oracle-live-acceptance/OracleLiveAcceptance.java
 create mode 100644 docs/superpowers/verification/evidence/oracle-live-acceptance/archive-evidence.ps1
 create mode 100644 docs/superpowers/verification/evidence/oracle-live-acceptance/audit-image.ps1
 create mode 100644 docs/superpowers/verification/evidence/oracle-live-acceptance/checks/acceptance/acceptance.json
 create mode 100644 docs/superpowers/verification/evidence/oracle-live-acceptance/checks/acceptance/acceptance.log
 create mode 100644 docs/superpowers/verification/evidence/oracle-live-acceptance/checks/archive-redaction-review/archive-redaction-review.json
 create mode 100644 docs/superpowers/verification/evidence/oracle-live-acceptance/checks/branch-buildsrc/TEST-datacube.build.IcoGeneratorTest.xml
 create mode 100644 docs/superpowers/verification/evidence/oracle-live-acceptance/checks/branch-buildsrc/branch-buildsrc.json
 create mode 100644 docs/superpowers/verification/evidence/oracle-live-acceptance/checks/branch-buildsrc/branch-buildsrc.log
 create mode 100644 docs/superpowers/verification/evidence/oracle-live-acceptance/checks/branch-buildsrc/xml-manifest.txt
 create mode 100644 docs/superpowers/verification/evidence/oracle-live-acceptance/checks/branch-directed/TEST-com.datacube.provider.jdbc.DriverCancellationClassificationTest.xml
 create mode 100644 docs/superpowers/verification/evidence/oracle-live-acceptance/checks/branch-directed/TEST-com.datacube.provider.jdbc.JdbcPreparedQueryExecutorTest.xml
 create mode 100644 docs/superpowers/verification/evidence/oracle-live-acceptance/checks/branch-directed/TEST-com.datacube.provider.oracle.OracleSqlRunnerExecutionControlTest.xml
 create mode 100644 docs/superpowers/verification/evidence/oracle-live-acceptance/checks/branch-directed/TEST-com.datacube.provider.postgres.PgSqlRunnerExecutionControlTest.xml
 create mode 100644 docs/superpowers/verification/evidence/oracle-live-acceptance/checks/branch-directed/TEST-com.datacube.service.JdbcEditorSessionTest.xml
 create mode 100644 docs/superpowers/verification/evidence/oracle-live-acceptance/checks/branch-directed/TEST-com.datacube.spi.SqlExecutionControlTest.xml
 create mode 100644 docs/superpowers/verification/evidence/oracle-live-acceptance/checks/branch-directed/branch-directed.json
 create mode 100644 docs/superpowers/verification/evidence/oracle-live-acceptance/checks/branch-directed/branch-directed.log
 create mode 100644 docs/superpowers/verification/evidence/oracle-live-acceptance/checks/branch-directed/xml-manifest.txt
 create mode 100644 docs/superpowers/verification/evidence/oracle-live-acceptance/checks/branch-full/TEST-com.datacube.provider.jdbc.DriverCancellationClassificationTest.xml
 create mode 100644 docs/superpowers/verification/evidence/oracle-live-acceptance/checks/branch-full/TEST-com.datacube.provider.jdbc.JdbcPreparedQueryExecutorTest.xml
 create mode 100644 docs/superpowers/verification/evidence/oracle-live-acceptance/checks/branch-full/TEST-com.datacube.provider.oracle.OracleSqlRunnerExecutionControlTest.xml
 create mode 100644 docs/superpowers/verification/evidence/oracle-live-acceptance/checks/branch-full/TEST-com.datacube.provider.postgres.PgSqlRunnerExecutionControlTest.xml
 create mode 100644 docs/superpowers/verification/evidence/oracle-live-acceptance/checks/branch-full/TEST-com.datacube.redis.RedisLiveIntegrationTest.xml
 create mode 100644 docs/superpowers/verification/evidence/oracle-live-acceptance/checks/branch-full/TEST-com.datacube.schemadiff.SchemaDiffLiveIntegrationTest.xml
 create mode 100644 docs/superpowers/verification/evidence/oracle-live-acceptance/checks/branch-full/TEST-com.datacube.service.JdbcEditorSessionTest.xml
 create mode 100644 docs/superpowers/verification/evidence/oracle-live-acceptance/checks/branch-full/TEST-com.datacube.spi.SqlExecutionControlTest.xml
 create mode 100644 docs/superpowers/verification/evidence/oracle-live-acceptance/checks/branch-full/branch-full.json
 create mode 100644 docs/superpowers/verification/evidence/oracle-live-acceptance/checks/branch-full/branch-full.log
 create mode 100644 docs/superpowers/verification/evidence/oracle-live-acceptance/checks/branch-full/xml-manifest.txt
 create mode 100644 docs/superpowers/verification/evidence/oracle-live-acceptance/checks/branch-image-audit/branch-image-audit-driver.log
 create mode 100644 docs/superpowers/verification/evidence/oracle-live-acceptance/checks/branch-image-audit/branch-image-audit.json
 create mode 100644 docs/superpowers/verification/evidence/oracle-live-acceptance/checks/branch-image/branch-image.json
 create mode 100644 docs/superpowers/verification/evidence/oracle-live-acceptance/checks/branch-image/branch-image.log
 create mode 100644 docs/superpowers/verification/evidence/oracle-live-acceptance/checks/branch-live/branch-live.json
 create mode 100644 docs/superpowers/verification/evidence/oracle-live-acceptance/checks/branch-live/branch-live.log
 create mode 100644 docs/superpowers/verification/evidence/oracle-live-acceptance/checks/branch-review/branch-review.json
 create mode 100644 docs/superpowers/verification/evidence/oracle-live-acceptance/checks/cancel-diagnostic/cancel-diagnostic.json
 create mode 100644 docs/superpowers/verification/evidence/oracle-live-acceptance/checks/cancel-diagnostic/cancel-diagnostic.log
 create mode 100644 docs/superpowers/verification/evidence/oracle-live-acceptance/checks/cancellation-red/TEST-com.datacube.provider.jdbc.DriverCancellationClassificationTest.xml
 create mode 100644 docs/superpowers/verification/evidence/oracle-live-acceptance/checks/cancellation-red/cancellation-red.json
 create mode 100644 docs/superpowers/verification/evidence/oracle-live-acceptance/checks/cancellation-red/cancellation-red.log
 create mode 100644 docs/superpowers/verification/evidence/oracle-live-acceptance/checks/cancellation-red/xml-manifest.txt
 create mode 100644 docs/superpowers/verification/evidence/oracle-live-acceptance/checks/native-launch/native-error.log
 create mode 100644 docs/superpowers/verification/evidence/oracle-live-acceptance/checks/native-launch/native-launch.json
 create mode 100644 docs/superpowers/verification/evidence/oracle-live-acceptance/checks/native-launch/native.log
 create mode 100644 docs/superpowers/verification/evidence/oracle-live-acceptance/checks/native-visible/native-visible-error.log
 create mode 100644 docs/superpowers/verification/evidence/oracle-live-acceptance/checks/native-visible/native-visible.json
 create mode 100644 docs/superpowers/verification/evidence/oracle-live-acceptance/checks/native-visible/native-visible.log
 create mode 100644 docs/superpowers/verification/evidence/oracle-live-acceptance/checks/preflight/preflight.json
 create mode 100644 docs/superpowers/verification/evidence/oracle-live-acceptance/checks/preflight/preflight.log
 create mode 100644 docs/superpowers/verification/evidence/oracle-live-acceptance/isolated-tests.gradle
 create mode 100644 docs/superpowers/verification/evidence/oracle-live-acceptance/launch-native.ps1
 create mode 100644 docs/superpowers/verification/evidence/oracle-live-acceptance/manifest.json
 create mode 100644 docs/superpowers/verification/evidence/oracle-live-acceptance/native/01-initial-own-tree-0.jpg
 create mode 100644 docs/superpowers/verification/evidence/oracle-live-acceptance/native/01-initial-own-tree.txt
 create mode 100644 docs/superpowers/verification/evidence/oracle-live-acceptance/native/02-readonly-data-loaded-0.jpg
 create mode 100644 docs/superpowers/verification/evidence/oracle-live-acceptance/native/02-readonly-data-loaded.txt
 create mode 100644 docs/superpowers/verification/evidence/oracle-live-acceptance/native/03-schema-direct-entry-0.jpg
 create mode 100644 docs/superpowers/verification/evidence/oracle-live-acceptance/native/03-schema-direct-entry-1.jpg
 create mode 100644 docs/superpowers/verification/evidence/oracle-live-acceptance/native/03-schema-direct-entry.txt
 create mode 100644 docs/superpowers/verification/evidence/oracle-live-acceptance/native/04-native-field-input-0.jpg
 create mode 100644 docs/superpowers/verification/evidence/oracle-live-acceptance/native/04-native-field-input-1.jpg
 create mode 100644 docs/superpowers/verification/evidence/oracle-live-acceptance/native/04-native-field-input.txt
 create mode 100644 docs/superpowers/verification/evidence/oracle-live-acceptance/native/05-field-real-hit-0.jpg
 create mode 100644 docs/superpowers/verification/evidence/oracle-live-acceptance/native/05-field-real-hit-1.jpg
 create mode 100644 docs/superpowers/verification/evidence/oracle-live-acceptance/native/05-field-real-hit.txt
 create mode 100644 docs/superpowers/verification/evidence/oracle-live-acceptance/native/06-selected-field-three-actions-0.jpg
 create mode 100644 docs/superpowers/verification/evidence/oracle-live-acceptance/native/06-selected-field-three-actions-1.jpg
 create mode 100644 docs/superpowers/verification/evidence/oracle-live-acceptance/native/06-selected-field-three-actions.txt
 create mode 100644 docs/superpowers/verification/evidence/oracle-live-acceptance/native/07-field-generated-select-unexecuted-0.jpg
 create mode 100644 docs/superpowers/verification/evidence/oracle-live-acceptance/native/07-field-generated-select-unexecuted.txt
 create mode 100644 docs/superpowers/verification/evidence/oracle-live-acceptance/native/08-field-select-executed-real-rows-0.jpg
 create mode 100644 docs/superpowers/verification/evidence/oracle-live-acceptance/native/08-field-select-executed-real-rows.txt
 create mode 100644 docs/superpowers/verification/evidence/oracle-live-acceptance/native/09-second-dialog-input-limitation-0.jpg
 create mode 100644 docs/superpowers/verification/evidence/oracle-live-acceptance/native/09-second-dialog-input-limitation-1.jpg
 create mode 100644 docs/superpowers/verification/evidence/oracle-live-acceptance/native/09-second-dialog-input-limitation.txt
 create mode 100644 docs/superpowers/verification/evidence/oracle-live-acceptance/native/10-table-menu-real-ddl-0.jpg
 create mode 100644 docs/superpowers/verification/evidence/oracle-live-acceptance/native/10-table-menu-real-ddl.txt
 create mode 100644 docs/superpowers/verification/evidence/oracle-live-acceptance/native/steps.json
 create mode 100644 docs/superpowers/verification/evidence/oracle-live-acceptance/run-check.ps1
 create mode 100644 docs/superpowers/verification/evidence/oracle-live-acceptance/run-live.ps1
 create mode 100644 docs/superpowers/verification/evidence/oracle-live-acceptance/source-snapshot.json
 create mode 100644 docs/superpowers/verification/evidence/oracle-live-acceptance/staged-diff-check-first.log
 create mode 100644 test/com/datacube/provider/jdbc/DriverCancellationClassificationTest.java
