STARTUP_ONLY_MOCK_PROVIDER_INJECTED no DriverManager path
OUTPUT_SCALE=1.5
FOCUS=Button:null
FOCUS=TreeView:connection-tree
STATE event=shown-empty title=DataCube N1 d43af922a7614bcba6e4919940f2da51 | 字段查找 geometry=516.0,122.66666412353516,674.6666870117188x644.6666870117188 focus=TextField:metadata-search-query
NODE id=metadata-search-query disabled=false visible=true bounds=BoundingBox [minX:10.600000381469727, minY:54.599998474121094, minZ:0.0, width:638.8000240325928, height:28.800003051757812, depth:0.0, maxX:649.4000244140625, maxY:83.4000015258789, maxZ:0.0] value=
NODE id=metadata-search-mode disabled=false visible=true bounds=BoundingBox [minX:85.33333587646484, minY:90.0, minZ:0.0, width:81.36666107177734, height:27.0, depth:0.0, maxX:166.6999969482422, maxY:117.0, maxZ:0.0] value=字段名
NODE id=metadata-search-results disabled=false visible=true bounds=BoundingBox [minX:12.0, minY:124.0, minZ:0.0, width:636.0, height:263.3333435058594, depth:0.0, maxX:648.0, maxY:387.3333435058594, maxZ:0.0] value=items=0, selected=-1
NODE id=metadata-search-preview disabled=false visible=true bounds=BoundingBox [minX:12.0, minY:395.3333435058594, minZ:0.0, width:636.0, height:92.0, depth:0.0, maxX:648.0, maxY:487.3333435058594, maxZ:0.0] value=
NODE id=metadata-search-status disabled=false visible=true bounds=BoundingBox [minX:12.0, minY:495.3333435058594, minZ:0.0, width:556.6666870117188, height:17.999969482421875, depth:0.0, maxX:568.6666870117188, maxY:513.3333129882812, maxZ:0.0] value=选择匹配来源并输入文字，再点击查找。对象名检索请使用 Schema 菜单中的“查找表/视图”。
NODE id=metadata-search-submit disabled=true visible=true bounds=BoundingBox [minX:174.6666717529297, minY:90.0, minZ:0.0, width:43.33332824707031, height:27.0, depth:0.0, maxX:218.0, maxY:117.0, maxZ:0.0] value=
NODE id=metadata-search-select disabled=true visible=true bounds=BoundingBox [minX:12.0, minY:521.3333129882812, minZ:0.0, width:157.3333282470703, height:27.0, depth:0.0, maxX:169.3333282470703, maxY:548.3333129882812, maxZ:0.0] value=
NODE id=metadata-search-data disabled=true visible=true bounds=BoundingBox [minX:177.3333282470703, minY:521.3333129882812, minZ:0.0, width:121.33332824707031, height:27.0, depth:0.0, maxX:298.6666564941406, maxY:548.3333129882812, maxZ:0.0] value=
NODE id=metadata-search-ddl disabled=true visible=true bounds=BoundingBox [minX:306.6666564941406, minY:521.3333129882812, minZ:0.0, width:74.0, height:27.0, depth:0.0, maxX:380.6666564941406, maxY:548.3333129882812, maxZ:0.0] value=
COUNTERS mockOpens=1 mockCloses=0 searches=0 pages=0 ddls=0 writeAttempts=0 executionAttempts=0
STATE event=focus title=DataCube N1 d43af922a7614bcba6e4919940f2da51 | 字段查找 geometry=516.0,122.66666412353516,674.6666870117188x644.6666870117188 focus=ChoiceBox:metadata-search-mode
NODE id=metadata-search-query disabled=false visible=true bounds=BoundingBox [minX:12.0, minY:56.0, minZ:0.0, width:636.0, height:26.0, depth:0.0, maxX:648.0, maxY:82.0, maxZ:0.0] value=
NODE id=metadata-search-mode disabled=false visible=true bounds=BoundingBox [minX:85.33333587646484, minY:90.0, minZ:0.0, width:81.36666107177734, height:27.0, depth:0.0, maxX:166.6999969482422, maxY:117.0, maxZ:0.0] value=字段名
NODE id=metadata-search-results disabled=false visible=true bounds=BoundingBox [minX:12.0, minY:124.0, minZ:0.0, width:636.0, height:263.3333435058594, depth:0.0, maxX:648.0, maxY:387.3333435058594, maxZ:0.0] value=items=0, selected=-1
NODE id=metadata-search-preview disabled=false visible=true bounds=BoundingBox [minX:12.0, minY:395.3333435058594, minZ:0.0, width:636.0, height:92.0, depth:0.0, maxX:648.0, maxY:487.3333435058594, maxZ:0.0] value=
NODE id=metadata-search-status disabled=false visible=true bounds=BoundingBox [minX:12.0, minY:495.3333435058594, minZ:0.0, width:556.6666870117188, height:17.999969482421875, depth:0.0, maxX:568.6666870117188, maxY:513.3333129882812, maxZ:0.0] value=选择匹配来源并输入文字，再点击查找。对象名检索请使用 Schema 菜单中的“查找表/视图”。
NODE id=metadata-search-submit disabled=true visible=true bounds=BoundingBox [minX:174.6666717529297, minY:90.0, minZ:0.0, width:43.33332824707031, height:27.0, depth:0.0, maxX:218.0, maxY:117.0, maxZ:0.0] value=
NODE id=metadata-search-select disabled=true visible=true bounds=BoundingBox [minX:12.0, minY:521.3333129882812, minZ:0.0, width:157.3333282470703, height:27.0, depth:0.0, maxX:169.3333282470703, maxY:548.3333129882812, maxZ:0.0] value=
NODE id=metadata-search-data disabled=true visible=true bounds=BoundingBox [minX:177.3333282470703, minY:521.3333129882812, minZ:0.0, width:121.33332824707031, height:27.0, depth:0.0, maxX:298.6666564941406, maxY:548.3333129882812, maxZ:0.0] value=
NODE id=metadata-search-ddl disabled=true visible=true bounds=BoundingBox [minX:306.6666564941406, minY:521.3333129882812, minZ:0.0, width:74.0, height:27.0, depth:0.0, maxX:380.6666564941406, maxY:548.3333129882812, maxZ:0.0] value=
COUNTERS mockOpens=1 mockCloses=0 searches=0 pages=0 ddls=0 writeAttempts=0 executionAttempts=0
STATE event=focus title=DataCube N1 d43af922a7614bcba6e4919940f2da51 | 字段查找 geometry=516.0,122.66666412353516,674.6666870117188x644.6666870117188 focus=ListView:metadata-search-results
NODE id=metadata-search-query disabled=false visible=true bounds=BoundingBox [minX:12.0, minY:56.0, minZ:0.0, width:636.0, height:26.0, depth:0.0, maxX:648.0, maxY:82.0, maxZ:0.0] value=
NODE id=metadata-search-mode disabled=false visible=true bounds=BoundingBox [minX:85.33333587646484, minY:90.0, minZ:0.0, width:88.69998931884766, height:27.0, depth:0.0, maxX:174.0333251953125, maxY:117.0, maxZ:0.0] value=字段名
NODE id=metadata-search-results disabled=false visible=true bounds=BoundingBox [minX:12.0, minY:124.0, minZ:0.0, width:636.0, height:263.3333435058594, depth:0.0, maxX:648.0, maxY:387.3333435058594, maxZ:0.0] value=items=0, selected=-1
NODE id=metadata-search-preview disabled=false visible=true bounds=BoundingBox [minX:12.0, minY:395.3333435058594, minZ:0.0, width:636.0, height:92.0, depth:0.0, maxX:648.0, maxY:487.3333435058594, maxZ:0.0] value=
NODE id=metadata-search-status disabled=false visible=true bounds=BoundingBox [minX:12.0, minY:495.3333435058594, minZ:0.0, width:556.6666870117188, height:17.999969482421875, depth:0.0, maxX:568.6666870117188, maxY:513.3333129882812, maxZ:0.0] value=选择匹配来源并输入文字，再点击查找。对象名检索请使用 Schema 菜单中的“查找表/视图”。
NODE id=metadata-search-submit disabled=true visible=true bounds=BoundingBox [minX:182.0, minY:90.0, minZ:0.0, width:43.33332824707031, height:27.0, depth:0.0, maxX:225.3333282470703, maxY:117.0, maxZ:0.0] value=
NODE id=metadata-search-select disabled=true visible=true bounds=BoundingBox [minX:12.0, minY:521.3333129882812, minZ:0.0, width:157.3333282470703, height:27.0, depth:0.0, maxX:169.3333282470703, maxY:548.3333129882812, maxZ:0.0] value=
NODE id=metadata-search-data disabled=true visible=true bounds=BoundingBox [minX:177.3333282470703, minY:521.3333129882812, minZ:0.0, width:121.33332824707031, height:27.0, depth:0.0, maxX:298.6666564941406, maxY:548.3333129882812, maxZ:0.0] value=
NODE id=metadata-search-ddl disabled=true visible=true bounds=BoundingBox [minX:306.6666564941406, minY:521.3333129882812, minZ:0.0, width:74.0, height:27.0, depth:0.0, maxX:380.6666564941406, maxY:548.3333129882812, maxZ:0.0] value=
COUNTERS mockOpens=1 mockCloses=0 searches=0 pages=0 ddls=0 writeAttempts=0 executionAttempts=0
STATE event=focus title=DataCube N1 d43af922a7614bcba6e4919940f2da51 | 字段查找 geometry=516.0,122.66666412353516,674.6666870117188x644.6666870117188 focus=Button:null
NODE id=metadata-search-query disabled=false visible=true bounds=BoundingBox [minX:12.0, minY:56.0, minZ:0.0, width:636.0, height:26.0, depth:0.0, maxX:648.0, maxY:82.0, maxZ:0.0] value=
NODE id=metadata-search-mode disabled=false visible=true bounds=BoundingBox [minX:85.33333587646484, minY:90.0, minZ:0.0, width:88.69998931884766, height:27.0, depth:0.0, maxX:174.0333251953125, maxY:117.0, maxZ:0.0] value=字段名
NODE id=metadata-search-results disabled=false visible=true bounds=BoundingBox [minX:12.0, minY:124.0, minZ:0.0, width:636.0, height:263.3333435058594, depth:0.0, maxX:648.0, maxY:387.3333435058594, maxZ:0.0] value=items=0, selected=-1
NODE id=metadata-search-preview disabled=false visible=true bounds=BoundingBox [minX:12.0, minY:395.3333435058594, minZ:0.0, width:636.0, height:92.0, depth:0.0, maxX:648.0, maxY:487.3333435058594, maxZ:0.0] value=
NODE id=metadata-search-status disabled=false visible=true bounds=BoundingBox [minX:12.0, minY:495.3333435058594, minZ:0.0, width:556.6666870117188, height:17.999969482421875, depth:0.0, maxX:568.6666870117188, maxY:513.3333129882812, maxZ:0.0] value=选择匹配来源并输入文字，再点击查找。对象名检索请使用 Schema 菜单中的“查找表/视图”。
NODE id=metadata-search-submit disabled=true visible=true bounds=BoundingBox [minX:182.0, minY:90.0, minZ:0.0, width:43.33332824707031, height:27.0, depth:0.0, maxX:225.3333282470703, maxY:117.0, maxZ:0.0] value=
NODE id=metadata-search-select disabled=true visible=true bounds=BoundingBox [minX:12.0, minY:521.3333129882812, minZ:0.0, width:157.3333282470703, height:27.0, depth:0.0, maxX:169.3333282470703, maxY:548.3333129882812, maxZ:0.0] value=
NODE id=metadata-search-data disabled=true visible=true bounds=BoundingBox [minX:177.3333282470703, minY:521.3333129882812, minZ:0.0, width:121.33332824707031, height:27.0, depth:0.0, maxX:298.6666564941406, maxY:548.3333129882812, maxZ:0.0] value=
NODE id=metadata-search-ddl disabled=true visible=true bounds=BoundingBox [minX:306.6666564941406, minY:521.3333129882812, minZ:0.0, width:74.0, height:27.0, depth:0.0, maxX:380.6666564941406, maxY:548.3333129882812, maxZ:0.0] value=
COUNTERS mockOpens=1 mockCloses=0 searches=0 pages=0 ddls=0 writeAttempts=0 executionAttempts=0
FOCUS=none
COUNTERS mockOpens=1 mockCloses=1 searches=0 pages=0 ddls=0 writeAttempts=0 executionAttempts=0
COUNTERS mockOpens=1 mockCloses=1 searches=0 pages=0 ddls=0 writeAttempts=0 executionAttempts=0
SHUTDOWN_COMPLETED
